Archive member included because of file (symbol)

/usr/local/CrossPack-AVR-20100115/lib/gcc/avr/4.3.3/avr5/libgcc.a(_mulsi3.o)
                              obj/apps/shell/shell.o (__mulsi3)
/usr/local/CrossPack-AVR-20100115/lib/gcc/avr/4.3.3/avr5/libgcc.a(_udivmodhi4.o)
                              obj/apps/shell/uart.o (__udivmodhi4)
/usr/local/CrossPack-AVR-20100115/lib/gcc/avr/4.3.3/avr5/libgcc.a(_divmodhi4.o)
                              obj/vendor/sd-reader_source_20090330-teensy/fat.o (__divmodhi4)
/usr/local/CrossPack-AVR-20100115/lib/gcc/avr/4.3.3/avr5/libgcc.a(_udivmodsi4.o)
                              obj/apps/shell/uart.o (__udivmodsi4)
/usr/local/CrossPack-AVR-20100115/lib/gcc/avr/4.3.3/avr5/libgcc.a(_exit.o)
                              /usr/local/CrossPack-AVR-20100115/lib/gcc/avr/4.3.3/../../../../avr/lib/avr5/crtm32u4.o (exit)
/usr/local/CrossPack-AVR-20100115/lib/gcc/avr/4.3.3/avr5/libgcc.a(_copy_data.o)
                              obj/apps/shell/shell.o (__do_copy_data)
/usr/local/CrossPack-AVR-20100115/lib/gcc/avr/4.3.3/avr5/libgcc.a(_clear_bss.o)
                              obj/apps/shell/shell.o (__do_clear_bss)
/usr/local/CrossPack-AVR-20100115/lib/gcc/avr/4.3.3/../../../../avr/lib/avr5/libc.a(strcmp_P.o)
                              obj/apps/shell/shell.o (strcmp_P)
/usr/local/CrossPack-AVR-20100115/lib/gcc/avr/4.3.3/../../../../avr/lib/avr5/libc.a(strncmp_P.o)
                              obj/apps/shell/shell.o (strncmp_P)
/usr/local/CrossPack-AVR-20100115/lib/gcc/avr/4.3.3/../../../../avr/lib/avr5/libc.a(memcpy.o)
                              obj/vendor/sd-reader_source_20090330-teensy/fat.o (memcpy)
/usr/local/CrossPack-AVR-20100115/lib/gcc/avr/4.3.3/../../../../avr/lib/avr5/libc.a(memset.o)
                              obj/apps/shell/shell.o (memset)
/usr/local/CrossPack-AVR-20100115/lib/gcc/avr/4.3.3/../../../../avr/lib/avr5/libc.a(strchr.o)
                              obj/vendor/sd-reader_source_20090330-teensy/fat.o (strchr)
/usr/local/CrossPack-AVR-20100115/lib/gcc/avr/4.3.3/../../../../avr/lib/avr5/libc.a(strcmp.o)
                              obj/apps/shell/shell.o (strcmp)
/usr/local/CrossPack-AVR-20100115/lib/gcc/avr/4.3.3/../../../../avr/lib/avr5/libc.a(strncmp.o)
                              obj/audio/wavparser.o (strncmp)
/usr/local/CrossPack-AVR-20100115/lib/gcc/avr/4.3.3/../../../../avr/lib/avr5/libc.a(strncpy.o)
                              obj/vendor/sd-reader_source_20090330-teensy/fat.o (strncpy)
/usr/local/CrossPack-AVR-20100115/lib/gcc/avr/4.3.3/../../../../avr/lib/avr5/libc.a(strrchr.o)
                              obj/vendor/sd-reader_source_20090330-teensy/fat.o (strrchr)
/usr/local/CrossPack-AVR-20100115/lib/gcc/avr/4.3.3/../../../../avr/lib/avr5/libc.a(fgetc.o)
                              obj/apps/shell/uart.o (fgetc)
/usr/local/CrossPack-AVR-20100115/lib/gcc/avr/4.3.3/../../../../avr/lib/avr5/libc.a(fputc.o)
                              obj/apps/shell/uart.o (fputc)
/usr/local/CrossPack-AVR-20100115/lib/gcc/avr/4.3.3/../../../../avr/lib/avr5/libc.a(iob.o)
                              obj/apps/shell/shell.o (__iob)
/usr/local/CrossPack-AVR-20100115/lib/gcc/avr/4.3.3/../../../../avr/lib/avr5/libc.a(printf_p.o)
                              obj/apps/shell/shell.o (printf_P)
/usr/local/CrossPack-AVR-20100115/lib/gcc/avr/4.3.3/../../../../avr/lib/avr5/libc.a(vfprintf_std.o)
                              /usr/local/CrossPack-AVR-20100115/lib/gcc/avr/4.3.3/../../../../avr/lib/avr5/libc.a(printf_p.o) (vfprintf)
/usr/local/CrossPack-AVR-20100115/lib/gcc/avr/4.3.3/../../../../avr/lib/avr5/libc.a(strnlen_P.o)
                              /usr/local/CrossPack-AVR-20100115/lib/gcc/avr/4.3.3/../../../../avr/lib/avr5/libc.a(vfprintf_std.o) (strnlen_P)
/usr/local/CrossPack-AVR-20100115/lib/gcc/avr/4.3.3/../../../../avr/lib/avr5/libc.a(strnlen.o)
                              /usr/local/CrossPack-AVR-20100115/lib/gcc/avr/4.3.3/../../../../avr/lib/avr5/libc.a(vfprintf_std.o) (strnlen)
/usr/local/CrossPack-AVR-20100115/lib/gcc/avr/4.3.3/../../../../avr/lib/avr5/libc.a(ultoa_invert.o)
                              /usr/local/CrossPack-AVR-20100115/lib/gcc/avr/4.3.3/../../../../avr/lib/avr5/libc.a(vfprintf_std.o) (__ultoa_invert)
/usr/local/CrossPack-AVR-20100115/lib/gcc/avr/4.3.3/avr5/libgcc.a(_prologue.o)
                              /usr/local/CrossPack-AVR-20100115/lib/gcc/avr/4.3.3/../../../../avr/lib/avr5/libc.a(printf_p.o) (__prologue_saves__)
/usr/local/CrossPack-AVR-20100115/lib/gcc/avr/4.3.3/avr5/libgcc.a(_epilogue.o)
                              /usr/local/CrossPack-AVR-20100115/lib/gcc/avr/4.3.3/../../../../avr/lib/avr5/libc.a(printf_p.o) (__epilogue_restores__)

Allocating common symbols
Common symbol       size              file

scratch             0x40              obj/audio/player.o
player              0x6               obj/audio/player.o
dac_buffer_pool     0x8               obj/audio/dac.o
pcm_buffer          0x400             obj/audio/player.o
empty_buffer_flag   0x1               obj/audio/dac.o
__iob               0x6               /usr/local/CrossPack-AVR-20100115/lib/gcc/avr/4.3.3/../../../../avr/lib/avr5/libc.a(iob.o)

Memory Configuration

Name             Origin             Length             Attributes
text             0x00000000         0x00020000         xr
data             0x00800060         0x0000ffa0         rw !x
eeprom           0x00810000         0x00010000         rw !x
fuse             0x00820000         0x00000400         rw !x
lock             0x00830000         0x00000400         rw !x
signature        0x00840000         0x00000400         rw !x
*default*        0x00000000         0xffffffff

Linker script and memory map

Address of section .data set to 0x800100
LOAD /usr/local/CrossPack-AVR-20100115/lib/gcc/avr/4.3.3/../../../../avr/lib/avr5/crtm32u4.o
LOAD obj/apps/shell/shell.o
LOAD obj/apps/shell/uart.o
LOAD obj/utils/main.o
LOAD obj/utils/delay.o
LOAD obj/audio/dac.o
LOAD obj/audio/player.o
LOAD obj/audio/wavparser.o
LOAD obj/vendor/LUFA_091223/LUFA/Drivers/Peripheral/SerialStream.o
LOAD obj/vendor/sd-reader_source_20090330-teensy/byteordering.o
LOAD obj/vendor/sd-reader_source_20090330-teensy/fat.o
LOAD obj/vendor/sd-reader_source_20090330-teensy/partition.o
LOAD obj/vendor/sd-reader_source_20090330-teensy/sd_raw.o
LOAD /usr/local/CrossPack-AVR-20100115/lib/gcc/avr/4.3.3/../../../../avr/lib/avr5/libm.a
LOAD /usr/local/CrossPack-AVR-20100115/lib/gcc/avr/4.3.3/avr5/libgcc.a
LOAD /usr/local/CrossPack-AVR-20100115/lib/gcc/avr/4.3.3/../../../../avr/lib/avr5/libc.a
LOAD /usr/local/CrossPack-AVR-20100115/lib/gcc/avr/4.3.3/avr5/libgcc.a

.hash
 *(.hash)

.dynsym
 *(.dynsym)

.dynstr
 *(.dynstr)

.gnu.version
 *(.gnu.version)

.gnu.version_d
 *(.gnu.version_d)

.gnu.version_r
 *(.gnu.version_r)

.rel.init
 *(.rel.init)

.rela.init
 *(.rela.init)

.rel.text
 *(.rel.text)
 *(.rel.text.*)
 *(.rel.gnu.linkonce.t*)

.rela.text
 *(.rela.text)
 *(.rela.text.*)
 *(.rela.gnu.linkonce.t*)

.rel.fini
 *(.rel.fini)

.rela.fini
 *(.rela.fini)

.rel.rodata
 *(.rel.rodata)
 *(.rel.rodata.*)
 *(.rel.gnu.linkonce.r*)

.rela.rodata
 *(.rela.rodata)
 *(.rela.rodata.*)
 *(.rela.gnu.linkonce.r*)

.rel.data
 *(.rel.data)
 *(.rel.data.*)
 *(.rel.gnu.linkonce.d*)

.rela.data
 *(.rela.data)
 *(.rela.data.*)
 *(.rela.gnu.linkonce.d*)

.rel.ctors
 *(.rel.ctors)

.rela.ctors
 *(.rela.ctors)

.rel.dtors
 *(.rel.dtors)

.rela.dtors
 *(.rela.dtors)

.rel.got
 *(.rel.got)

.rela.got
 *(.rela.got)

.rel.bss
 *(.rel.bss)

.rela.bss
 *(.rela.bss)

.rel.plt
 *(.rel.plt)

.rela.plt
 *(.rela.plt)

.text           0x00000000     0x5018
 *(.vectors)
 .vectors       0x00000000       0xac /usr/local/CrossPack-AVR-20100115/lib/gcc/avr/4.3.3/../../../../avr/lib/avr5/crtm32u4.o
                0x00000000                __vectors
                0x00000000                __vector_default
 *(.vectors)
 *(.progmem.gcc*)
 *(.progmem*)
 .progmem.data  0x000000ac      0x21b obj/apps/shell/shell.o
 .progmem.data  0x000002c7       0x16 obj/audio/player.o
                0x000002de                . = ALIGN (0x2)
 *fill*         0x000002dd        0x1 00
                0x000002de                __trampolines_start = .
 *(.trampolines)
 .trampolines   0x000002de        0x0 linker stubs
 *(.trampolines*)
                0x000002de                __trampolines_end = .
 *(.jumptables)
 *(.jumptables*)
 *(.lowtext)
 *(.lowtext*)
                0x000002de                __ctors_start = .
 *(.ctors)
                0x000002de                __ctors_end = .
                0x000002de                __dtors_start = .
 *(.dtors)
                0x000002de                __dtors_end = .
 SORT(*)(.ctors)
 SORT(*)(.dtors)
 *(.init0)
 .init0         0x000002de        0x0 /usr/local/CrossPack-AVR-20100115/lib/gcc/avr/4.3.3/../../../../avr/lib/avr5/crtm32u4.o
                0x000002de                __init
 *(.init0)
 *(.init1)
 *(.init1)
 *(.init2)
 .init2         0x000002de        0xc /usr/local/CrossPack-AVR-20100115/lib/gcc/avr/4.3.3/../../../../avr/lib/avr5/crtm32u4.o
 *(.init2)
 *(.init3)
 *(.init3)
 *(.init4)
 .init4         0x000002ea       0x16 /usr/local/CrossPack-AVR-20100115/lib/gcc/avr/4.3.3/avr5/libgcc.a(_copy_data.o)
                0x000002ea                __do_copy_data
 .init4         0x00000300       0x10 /usr/local/CrossPack-AVR-20100115/lib/gcc/avr/4.3.3/avr5/libgcc.a(_clear_bss.o)
                0x00000300                __do_clear_bss
 *(.init4)
 *(.init5)
 *(.init5)
 *(.init6)
 *(.init6)
 *(.init7)
 *(.init7)
 *(.init8)
 *(.init8)
 *(.init9)
 .init9         0x00000310        0x8 /usr/local/CrossPack-AVR-20100115/lib/gcc/avr/4.3.3/../../../../avr/lib/avr5/crtm32u4.o
 *(.init9)
 *(.text)
 .text          0x00000318        0x4 /usr/local/CrossPack-AVR-20100115/lib/gcc/avr/4.3.3/../../../../avr/lib/avr5/crtm32u4.o
                0x00000318                __vector_38
                0x00000318                __vector_28
                0x00000318                __vector_1
                0x00000318                __vector_32
                0x00000318                __vector_34
                0x00000318                __vector_24
                0x00000318                __vector_12
                0x00000318                __bad_interrupt
                0x00000318                __vector_6
                0x00000318                __vector_31
                0x00000318                __vector_35
                0x00000318                __vector_39
                0x00000318                __vector_3
                0x00000318                __vector_23
                0x00000318                __vector_30
                0x00000318                __vector_25
                0x00000318                __vector_11
                0x00000318                __vector_13
                0x00000318                __vector_17
                0x00000318                __vector_19
                0x00000318                __vector_7
                0x00000318                __vector_41
                0x00000318                __vector_27
                0x00000318                __vector_5
                0x00000318                __vector_33
                0x00000318                __vector_37
                0x00000318                __vector_4
                0x00000318                __vector_9
                0x00000318                __vector_2
                0x00000318                __vector_15
                0x00000318                __vector_36
                0x00000318                __vector_29
                0x00000318                __vector_40
                0x00000318                __vector_8
                0x00000318                __vector_26
                0x00000318                __vector_14
                0x00000318                __vector_10
                0x00000318                __vector_16
                0x00000318                __vector_18
                0x00000318                __vector_20
                0x00000318                __vector_42
 .text          0x0000031c      0x90e obj/apps/shell/shell.o
                0x00000686                application_main
                0x000005fc                play_file
                0x000005cc                shell_player_eof
 .text          0x00000c2a      0x22e obj/apps/shell/uart.o
                0x00000c98                uart_putdw_dec
                0x00000de6                uart_putc_hex
                0x00000c7e                uart_puts
                0x00000c62                uart_puts_p
                0x00000c2a                uart_init
                0x00000d6a                uart_putw_dec
                0x00000c2c                uart_getc
                0x00000e32                uart_putdw_hex
                0x00000c40                uart_putc
                0x00000e1e                uart_putw_hex
 .text          0x00000e58       0x60 obj/utils/main.o
                0x00000e58                basic_setup
                0x00000e84                main
 .text          0x00000eb8       0x26 obj/utils/delay.o
                0x00000ecc                delay_us
                0x00000eb8                delay_ms
 .text          0x00000ede      0x1f8 obj/audio/dac.o
                0x00000f6e                dac_pause
                0x00000f7a                dac_resume
                0x00001078                dac_init
                0x00000ede                dac_start
                0x00000f9a                __vector_21
                0x00000f86                dac_stop
 .text          0x000010d6      0x47e obj/audio/player.o
                0x000010e4                __vector_22
                0x000012f2                player_resume
                0x000012fe                player_start
                0x000010d6                player_stop
                0x000012f8                player_pause
 .text          0x00001554      0x1c6 obj/audio/wavparser.o
                0x00001554                wavparser_parse_header
 .text          0x0000171a       0x24 obj/vendor/LUFA_091223/LUFA/Drivers/Peripheral/SerialStream.o
 .text          0x0000173e        0x0 obj/vendor/sd-reader_source_20090330-teensy/byteordering.o
 .text          0x0000173e     0x2614 obj/vendor/sd-reader_source_20090330-teensy/fat.o
                0x00003bb8                fat_open_file
                0x0000267c                fat_read_dir
                0x0000335a                fat_create_file
                0x00002078                fat_reset_dir
                0x000023ea                fat_get_fs_free
                0x0000289e                fat_open
                0x000031aa                fat_create_dir
                0x00002260                fat_delete_file
                0x0000204a                fat_tell_file
                0x00001d76                fat_close_file
                0x0000206c                fat_close_dir
                0x0000173e                fat_close
                0x00003702                fat_seek_file
                0x00003c30                fat_get_dir_entry_of_path
                0x00001d82                fat_read_file
                0x0000236c                fat_get_fs_size
                0x00003b36                fat_open_dir
                0x000037be                fat_write_file
                0x0000342c                fat_resize_file
 .text          0x00003d52      0x1c8 obj/vendor/sd-reader_source_20090330-teensy/partition.o
                0x00003d52                partition_close
                0x00003d62                partition_open
 .text          0x00003f1a      0x92c obj/vendor/sd-reader_source_20090330-teensy/sd_raw.o
                0x00003f1a                sd_raw_available
                0x00004790                sd_raw_write_interval
                0x00004402                sd_raw_read
                0x0000465e                sd_raw_init
                0x0000457e                sd_raw_read_interval
                0x00003fe8                sd_raw_get_info
                0x000043ce                sd_raw_sync
                0x00003f1e                sd_raw_locked
                0x00004222                sd_raw_write
 .text          0x00004846        0x0 /usr/local/CrossPack-AVR-20100115/lib/gcc/avr/4.3.3/avr5/libgcc.a(_mulsi3.o)
 .text          0x00004846        0x0 /usr/local/CrossPack-AVR-20100115/lib/gcc/avr/4.3.3/avr5/libgcc.a(_udivmodhi4.o)
 .text          0x00004846        0x0 /usr/local/CrossPack-AVR-20100115/lib/gcc/avr/4.3.3/avr5/libgcc.a(_divmodhi4.o)
 .text          0x00004846        0x0 /usr/local/CrossPack-AVR-20100115/lib/gcc/avr/4.3.3/avr5/libgcc.a(_udivmodsi4.o)
 .text          0x00004846        0x0 /usr/local/CrossPack-AVR-20100115/lib/gcc/avr/4.3.3/avr5/libgcc.a(_exit.o)
 .text          0x00004846        0x0 /usr/local/CrossPack-AVR-20100115/lib/gcc/avr/4.3.3/avr5/libgcc.a(_copy_data.o)
 .text          0x00004846        0x0 /usr/local/CrossPack-AVR-20100115/lib/gcc/avr/4.3.3/avr5/libgcc.a(_clear_bss.o)
 .text          0x00004846        0x0 /usr/local/CrossPack-AVR-20100115/lib/gcc/avr/4.3.3/../../../../avr/lib/avr5/libc.a(strcmp_P.o)
 .text          0x00004846        0x0 /usr/local/CrossPack-AVR-20100115/lib/gcc/avr/4.3.3/../../../../avr/lib/avr5/libc.a(strncmp_P.o)
 .text          0x00004846        0x0 /usr/local/CrossPack-AVR-20100115/lib/gcc/avr/4.3.3/../../../../avr/lib/avr5/libc.a(memcpy.o)
 .text          0x00004846        0x0 /usr/local/CrossPack-AVR-20100115/lib/gcc/avr/4.3.3/../../../../avr/lib/avr5/libc.a(memset.o)
 .text          0x00004846        0x0 /usr/local/CrossPack-AVR-20100115/lib/gcc/avr/4.3.3/../../../../avr/lib/avr5/libc.a(strchr.o)
 .text          0x00004846        0x0 /usr/local/CrossPack-AVR-20100115/lib/gcc/avr/4.3.3/../../../../avr/lib/avr5/libc.a(strcmp.o)
 .text          0x00004846        0x0 /usr/local/CrossPack-AVR-20100115/lib/gcc/avr/4.3.3/../../../../avr/lib/avr5/libc.a(strncmp.o)
 .text          0x00004846        0x0 /usr/local/CrossPack-AVR-20100115/lib/gcc/avr/4.3.3/../../../../avr/lib/avr5/libc.a(strncpy.o)
 .text          0x00004846        0x0 /usr/local/CrossPack-AVR-20100115/lib/gcc/avr/4.3.3/../../../../avr/lib/avr5/libc.a(strrchr.o)
 .text          0x00004846        0x0 /usr/local/CrossPack-AVR-20100115/lib/gcc/avr/4.3.3/../../../../avr/lib/avr5/libc.a(fgetc.o)
 .text          0x00004846        0x0 /usr/local/CrossPack-AVR-20100115/lib/gcc/avr/4.3.3/../../../../avr/lib/avr5/libc.a(fputc.o)
 .text          0x00004846        0x0 /usr/local/CrossPack-AVR-20100115/lib/gcc/avr/4.3.3/../../../../avr/lib/avr5/libc.a(iob.o)
 .text          0x00004846        0x0 /usr/local/CrossPack-AVR-20100115/lib/gcc/avr/4.3.3/../../../../avr/lib/avr5/libc.a(printf_p.o)
 .text          0x00004846        0x0 /usr/local/CrossPack-AVR-20100115/lib/gcc/avr/4.3.3/../../../../avr/lib/avr5/libc.a(vfprintf_std.o)
 .text          0x00004846        0x0 /usr/local/CrossPack-AVR-20100115/lib/gcc/avr/4.3.3/../../../../avr/lib/avr5/libc.a(strnlen_P.o)
 .text          0x00004846        0x0 /usr/local/CrossPack-AVR-20100115/lib/gcc/avr/4.3.3/../../../../avr/lib/avr5/libc.a(strnlen.o)
 .text          0x00004846        0x0 /usr/local/CrossPack-AVR-20100115/lib/gcc/avr/4.3.3/../../../../avr/lib/avr5/libc.a(ultoa_invert.o)
 .text          0x00004846        0x0 /usr/local/CrossPack-AVR-20100115/lib/gcc/avr/4.3.3/avr5/libgcc.a(_prologue.o)
 .text          0x00004846        0x0 /usr/local/CrossPack-AVR-20100115/lib/gcc/avr/4.3.3/avr5/libgcc.a(_epilogue.o)
                0x00004846                . = ALIGN (0x2)
 *(.text.*)
 .text.libgcc   0x00004846       0x3e /usr/local/CrossPack-AVR-20100115/lib/gcc/avr/4.3.3/avr5/libgcc.a(_mulsi3.o)
                0x00004846                __mulsi3
 .text.libgcc   0x00004884       0x28 /usr/local/CrossPack-AVR-20100115/lib/gcc/avr/4.3.3/avr5/libgcc.a(_udivmodhi4.o)
                0x00004884                __udivmodhi4
 .text.libgcc   0x000048ac       0x26 /usr/local/CrossPack-AVR-20100115/lib/gcc/avr/4.3.3/avr5/libgcc.a(_divmodhi4.o)
                0x000048ac                __divmodhi4
                0x000048ac                _div
 .text.libgcc   0x000048d2       0x44 /usr/local/CrossPack-AVR-20100115/lib/gcc/avr/4.3.3/avr5/libgcc.a(_udivmodsi4.o)
                0x000048d2                __udivmodsi4
 .text.libgcc   0x00004916        0x0 /usr/local/CrossPack-AVR-20100115/lib/gcc/avr/4.3.3/avr5/libgcc.a(_exit.o)
 .text.libgcc   0x00004916        0x0 /usr/local/CrossPack-AVR-20100115/lib/gcc/avr/4.3.3/avr5/libgcc.a(_copy_data.o)
 .text.libgcc   0x00004916        0x0 /usr/local/CrossPack-AVR-20100115/lib/gcc/avr/4.3.3/avr5/libgcc.a(_clear_bss.o)
 .text.avr-libc
                0x00004916       0x12 /usr/local/CrossPack-AVR-20100115/lib/gcc/avr/4.3.3/../../../../avr/lib/avr5/libc.a(strcmp_P.o)
                0x00004916                strcmp_P
 .text.avr-libc
                0x00004928       0x1c /usr/local/CrossPack-AVR-20100115/lib/gcc/avr/4.3.3/../../../../avr/lib/avr5/libc.a(strncmp_P.o)
                0x00004928                strncmp_P
 .text.avr-libc
                0x00004944       0x12 /usr/local/CrossPack-AVR-20100115/lib/gcc/avr/4.3.3/../../../../avr/lib/avr5/libc.a(memcpy.o)
                0x00004944                memcpy
 .text.avr-libc
                0x00004956        0xe /usr/local/CrossPack-AVR-20100115/lib/gcc/avr/4.3.3/../../../../avr/lib/avr5/libc.a(memset.o)
                0x00004956                memset
 .text.avr-libc
                0x00004964       0x16 /usr/local/CrossPack-AVR-20100115/lib/gcc/avr/4.3.3/../../../../avr/lib/avr5/libc.a(strchr.o)
                0x00004964                strchr
 .text.avr-libc
                0x0000497a       0x12 /usr/local/CrossPack-AVR-20100115/lib/gcc/avr/4.3.3/../../../../avr/lib/avr5/libc.a(strcmp.o)
                0x0000497a                strcmp
 .text.avr-libc
                0x0000498c       0x1c /usr/local/CrossPack-AVR-20100115/lib/gcc/avr/4.3.3/../../../../avr/lib/avr5/libc.a(strncmp.o)
                0x0000498c                strncmp
 .text.avr-libc
                0x000049a8       0x1e /usr/local/CrossPack-AVR-20100115/lib/gcc/avr/4.3.3/../../../../avr/lib/avr5/libc.a(strncpy.o)
                0x000049a8                strncpy
 .text.avr-libc
                0x000049c6       0x16 /usr/local/CrossPack-AVR-20100115/lib/gcc/avr/4.3.3/../../../../avr/lib/avr5/libc.a(strrchr.o)
                0x000049c6                strrchr
 .text.avr-libc
                0x000049dc       0x84 /usr/local/CrossPack-AVR-20100115/lib/gcc/avr/4.3.3/../../../../avr/lib/avr5/libc.a(fgetc.o)
                0x000049dc                fgetc
 .text.avr-libc
                0x00004a60       0x58 /usr/local/CrossPack-AVR-20100115/lib/gcc/avr/4.3.3/../../../../avr/lib/avr5/libc.a(fputc.o)
                0x00004a60                fputc
 .text.avr-libc
                0x00004ab8       0x4c /usr/local/CrossPack-AVR-20100115/lib/gcc/avr/4.3.3/../../../../avr/lib/avr5/libc.a(printf_p.o)
                0x00004ab8                printf_P
 .text.avr-libc
                0x00004b04      0x3ba /usr/local/CrossPack-AVR-20100115/lib/gcc/avr/4.3.3/../../../../avr/lib/avr5/libc.a(vfprintf_std.o)
                0x00004b04                vfprintf
 .text.avr-libc
                0x00004ebe       0x16 /usr/local/CrossPack-AVR-20100115/lib/gcc/avr/4.3.3/../../../../avr/lib/avr5/libc.a(strnlen_P.o)
                0x00004ebe                strnlen_P
 .text.avr-libc
                0x00004ed4       0x16 /usr/local/CrossPack-AVR-20100115/lib/gcc/avr/4.3.3/../../../../avr/lib/avr5/libc.a(strnlen.o)
                0x00004ed4                strnlen
 .text.avr-libc
                0x00004eea       0xbc /usr/local/CrossPack-AVR-20100115/lib/gcc/avr/4.3.3/../../../../avr/lib/avr5/libc.a(ultoa_invert.o)
                0x00004eea                __ultoa_invert
 .text.libgcc   0x00004fa6       0x38 /usr/local/CrossPack-AVR-20100115/lib/gcc/avr/4.3.3/avr5/libgcc.a(_prologue.o)
                0x00004fa6                __prologue_saves__
 .text.libgcc   0x00004fde       0x36 /usr/local/CrossPack-AVR-20100115/lib/gcc/avr/4.3.3/avr5/libgcc.a(_epilogue.o)
                0x00004fde                __epilogue_restores__
                0x00005014                . = ALIGN (0x2)
 *(.fini9)
 .fini9         0x00005014        0x0 /usr/local/CrossPack-AVR-20100115/lib/gcc/avr/4.3.3/avr5/libgcc.a(_exit.o)
                0x00005014                exit
                0x00005014                _exit
 *(.fini9)
 *(.fini8)
 *(.fini8)
 *(.fini7)
 *(.fini7)
 *(.fini6)
 *(.fini6)
 *(.fini5)
 *(.fini5)
 *(.fini4)
 *(.fini4)
 *(.fini3)
 *(.fini3)
 *(.fini2)
 *(.fini2)
 *(.fini1)
 *(.fini1)
 *(.fini0)
 .fini0         0x00005014        0x4 /usr/local/CrossPack-AVR-20100115/lib/gcc/avr/4.3.3/avr5/libgcc.a(_exit.o)
 *(.fini0)
                0x00005018                _etext = .

.data           0x00800100       0x32 load address 0x00005018
                0x00800100                PROVIDE (__data_start, .)
 *(.data)
 .data          0x00800100        0x0 /usr/local/CrossPack-AVR-20100115/lib/gcc/avr/4.3.3/../../../../avr/lib/avr5/crtm32u4.o
 .data          0x00800100        0x2 obj/apps/shell/shell.o
 .data          0x00800102        0x0 obj/apps/shell/uart.o
 .data          0x00800102        0x0 obj/utils/main.o
 .data          0x00800102        0x0 obj/utils/delay.o
 .data          0x00800102        0x0 obj/audio/dac.o
 .data          0x00800102        0x0 obj/audio/player.o
 .data          0x00800102       0x14 obj/audio/wavparser.o
 .data          0x00800116        0xe obj/vendor/LUFA_091223/LUFA/Drivers/Peripheral/SerialStream.o
                0x00800116                USARTStream
 .data          0x00800124        0x0 obj/vendor/sd-reader_source_20090330-teensy/byteordering.o
 .data          0x00800124        0xd obj/vendor/sd-reader_source_20090330-teensy/fat.o
 .data          0x00800131        0x0 obj/vendor/sd-reader_source_20090330-teensy/partition.o
 .data          0x00800131        0x0 obj/vendor/sd-reader_source_20090330-teensy/sd_raw.o
 .data          0x00800131        0x0 /usr/local/CrossPack-AVR-20100115/lib/gcc/avr/4.3.3/avr5/libgcc.a(_mulsi3.o)
 .data          0x00800131        0x0 /usr/local/CrossPack-AVR-20100115/lib/gcc/avr/4.3.3/avr5/libgcc.a(_udivmodhi4.o)
 .data          0x00800131        0x0 /usr/local/CrossPack-AVR-20100115/lib/gcc/avr/4.3.3/avr5/libgcc.a(_divmodhi4.o)
 .data          0x00800131        0x0 /usr/local/CrossPack-AVR-20100115/lib/gcc/avr/4.3.3/avr5/libgcc.a(_udivmodsi4.o)
 .data          0x00800131        0x0 /usr/local/CrossPack-AVR-20100115/lib/gcc/avr/4.3.3/avr5/libgcc.a(_exit.o)
 .data          0x00800131        0x0 /usr/local/CrossPack-AVR-20100115/lib/gcc/avr/4.3.3/avr5/libgcc.a(_copy_data.o)
 .data          0x00800131        0x0 /usr/local/CrossPack-AVR-20100115/lib/gcc/avr/4.3.3/avr5/libgcc.a(_clear_bss.o)
 .data          0x00800131        0x0 /usr/local/CrossPack-AVR-20100115/lib/gcc/avr/4.3.3/../../../../avr/lib/avr5/libc.a(strcmp_P.o)
 .data          0x00800131        0x0 /usr/local/CrossPack-AVR-20100115/lib/gcc/avr/4.3.3/../../../../avr/lib/avr5/libc.a(strncmp_P.o)
 .data          0x00800131        0x0 /usr/local/CrossPack-AVR-20100115/lib/gcc/avr/4.3.3/../../../../avr/lib/avr5/libc.a(memcpy.o)
 .data          0x00800131        0x0 /usr/local/CrossPack-AVR-20100115/lib/gcc/avr/4.3.3/../../../../avr/lib/avr5/libc.a(memset.o)
 .data          0x00800131        0x0 /usr/local/CrossPack-AVR-20100115/lib/gcc/avr/4.3.3/../../../../avr/lib/avr5/libc.a(strchr.o)
 .data          0x00800131        0x0 /usr/local/CrossPack-AVR-20100115/lib/gcc/avr/4.3.3/../../../../avr/lib/avr5/libc.a(strcmp.o)
 .data          0x00800131        0x0 /usr/local/CrossPack-AVR-20100115/lib/gcc/avr/4.3.3/../../../../avr/lib/avr5/libc.a(strncmp.o)
 .data          0x00800131        0x0 /usr/local/CrossPack-AVR-20100115/lib/gcc/avr/4.3.3/../../../../avr/lib/avr5/libc.a(strncpy.o)
 .data          0x00800131        0x0 /usr/local/CrossPack-AVR-20100115/lib/gcc/avr/4.3.3/../../../../avr/lib/avr5/libc.a(strrchr.o)
 .data          0x00800131        0x0 /usr/local/CrossPack-AVR-20100115/lib/gcc/avr/4.3.3/../../../../avr/lib/avr5/libc.a(fgetc.o)
 .data          0x00800131        0x0 /usr/local/CrossPack-AVR-20100115/lib/gcc/avr/4.3.3/../../../../avr/lib/avr5/libc.a(fputc.o)
 .data          0x00800131        0x0 /usr/local/CrossPack-AVR-20100115/lib/gcc/avr/4.3.3/../../../../avr/lib/avr5/libc.a(iob.o)
 .data          0x00800131        0x0 /usr/local/CrossPack-AVR-20100115/lib/gcc/avr/4.3.3/../../../../avr/lib/avr5/libc.a(printf_p.o)
 .data          0x00800131        0x0 /usr/local/CrossPack-AVR-20100115/lib/gcc/avr/4.3.3/../../../../avr/lib/avr5/libc.a(vfprintf_std.o)
 .data          0x00800131        0x0 /usr/local/CrossPack-AVR-20100115/lib/gcc/avr/4.3.3/../../../../avr/lib/avr5/libc.a(strnlen_P.o)
 .data          0x00800131        0x0 /usr/local/CrossPack-AVR-20100115/lib/gcc/avr/4.3.3/../../../../avr/lib/avr5/libc.a(strnlen.o)
 .data          0x00800131        0x0 /usr/local/CrossPack-AVR-20100115/lib/gcc/avr/4.3.3/../../../../avr/lib/avr5/libc.a(ultoa_invert.o)
 .data          0x00800131        0x0 /usr/local/CrossPack-AVR-20100115/lib/gcc/avr/4.3.3/avr5/libgcc.a(_prologue.o)
 .data          0x00800131        0x0 /usr/local/CrossPack-AVR-20100115/lib/gcc/avr/4.3.3/avr5/libgcc.a(_epilogue.o)
 *(.data*)
 *(.rodata)
 *(.rodata*)
 *(.gnu.linkonce.d*)
                0x00800132                . = ALIGN (0x2)
 *fill*         0x00800131        0x1 00
                0x00800132                _edata = .
                0x00800132                PROVIDE (__data_end, .)

.bss            0x00800132      0x736
                0x00800132                PROVIDE (__bss_start, .)
 *(.bss)
 .bss           0x00800132        0x0 /usr/local/CrossPack-AVR-20100115/lib/gcc/avr/4.3.3/../../../../avr/lib/avr5/crtm32u4.o
 .bss           0x00800132        0x3 obj/apps/shell/shell.o
 .bss           0x00800135        0x0 obj/apps/shell/uart.o
 .bss           0x00800135        0x0 obj/utils/main.o
 .bss           0x00800135        0x0 obj/utils/delay.o
 .bss           0x00800135        0x8 obj/audio/dac.o
 .bss           0x0080013d        0x0 obj/audio/player.o
 .bss           0x0080013d        0x0 obj/audio/wavparser.o
 .bss           0x0080013d        0x0 obj/vendor/LUFA_091223/LUFA/Drivers/Peripheral/SerialStream.o
 .bss           0x0080013d        0x0 obj/vendor/sd-reader_source_20090330-teensy/byteordering.o
 .bss           0x0080013d       0xbf obj/vendor/sd-reader_source_20090330-teensy/fat.o
 .bss           0x008001fc       0x11 obj/vendor/sd-reader_source_20090330-teensy/partition.o
 .bss           0x0080020d      0x206 obj/vendor/sd-reader_source_20090330-teensy/sd_raw.o
 .bss           0x00800413        0x0 /usr/local/CrossPack-AVR-20100115/lib/gcc/avr/4.3.3/avr5/libgcc.a(_mulsi3.o)
 .bss           0x00800413        0x0 /usr/local/CrossPack-AVR-20100115/lib/gcc/avr/4.3.3/avr5/libgcc.a(_udivmodhi4.o)
 .bss           0x00800413        0x0 /usr/local/CrossPack-AVR-20100115/lib/gcc/avr/4.3.3/avr5/libgcc.a(_divmodhi4.o)
 .bss           0x00800413        0x0 /usr/local/CrossPack-AVR-20100115/lib/gcc/avr/4.3.3/avr5/libgcc.a(_udivmodsi4.o)
 .bss           0x00800413        0x0 /usr/local/CrossPack-AVR-20100115/lib/gcc/avr/4.3.3/avr5/libgcc.a(_exit.o)
 .bss           0x00800413        0x0 /usr/local/CrossPack-AVR-20100115/lib/gcc/avr/4.3.3/avr5/libgcc.a(_copy_data.o)
 .bss           0x00800413        0x0 /usr/local/CrossPack-AVR-20100115/lib/gcc/avr/4.3.3/avr5/libgcc.a(_clear_bss.o)
 .bss           0x00800413        0x0 /usr/local/CrossPack-AVR-20100115/lib/gcc/avr/4.3.3/../../../../avr/lib/avr5/libc.a(strcmp_P.o)
 .bss           0x00800413        0x0 /usr/local/CrossPack-AVR-20100115/lib/gcc/avr/4.3.3/../../../../avr/lib/avr5/libc.a(strncmp_P.o)
 .bss           0x00800413        0x0 /usr/local/CrossPack-AVR-20100115/lib/gcc/avr/4.3.3/../../../../avr/lib/avr5/libc.a(memcpy.o)
 .bss           0x00800413        0x0 /usr/local/CrossPack-AVR-20100115/lib/gcc/avr/4.3.3/../../../../avr/lib/avr5/libc.a(memset.o)
 .bss           0x00800413        0x0 /usr/local/CrossPack-AVR-20100115/lib/gcc/avr/4.3.3/../../../../avr/lib/avr5/libc.a(strchr.o)
 .bss           0x00800413        0x0 /usr/local/CrossPack-AVR-20100115/lib/gcc/avr/4.3.3/../../../../avr/lib/avr5/libc.a(strcmp.o)
 .bss           0x00800413        0x0 /usr/local/CrossPack-AVR-20100115/lib/gcc/avr/4.3.3/../../../../avr/lib/avr5/libc.a(strncmp.o)
 .bss           0x00800413        0x0 /usr/local/CrossPack-AVR-20100115/lib/gcc/avr/4.3.3/../../../../avr/lib/avr5/libc.a(strncpy.o)
 .bss           0x00800413        0x0 /usr/local/CrossPack-AVR-20100115/lib/gcc/avr/4.3.3/../../../../avr/lib/avr5/libc.a(strrchr.o)
 .bss           0x00800413        0x0 /usr/local/CrossPack-AVR-20100115/lib/gcc/avr/4.3.3/../../../../avr/lib/avr5/libc.a(fgetc.o)
 .bss           0x00800413        0x0 /usr/local/CrossPack-AVR-20100115/lib/gcc/avr/4.3.3/../../../../avr/lib/avr5/libc.a(fputc.o)
 .bss           0x00800413        0x0 /usr/local/CrossPack-AVR-20100115/lib/gcc/avr/4.3.3/../../../../avr/lib/avr5/libc.a(iob.o)
 .bss           0x00800413        0x0 /usr/local/CrossPack-AVR-20100115/lib/gcc/avr/4.3.3/../../../../avr/lib/avr5/libc.a(printf_p.o)
 .bss           0x00800413        0x0 /usr/local/CrossPack-AVR-20100115/lib/gcc/avr/4.3.3/../../../../avr/lib/avr5/libc.a(vfprintf_std.o)
 .bss           0x00800413        0x0 /usr/local/CrossPack-AVR-20100115/lib/gcc/avr/4.3.3/../../../../avr/lib/avr5/libc.a(strnlen_P.o)
 .bss           0x00800413        0x0 /usr/local/CrossPack-AVR-20100115/lib/gcc/avr/4.3.3/../../../../avr/lib/avr5/libc.a(strnlen.o)
 .bss           0x00800413        0x0 /usr/local/CrossPack-AVR-20100115/lib/gcc/avr/4.3.3/../../../../avr/lib/avr5/libc.a(ultoa_invert.o)
 .bss           0x00800413        0x0 /usr/local/CrossPack-AVR-20100115/lib/gcc/avr/4.3.3/avr5/libgcc.a(_prologue.o)
 .bss           0x00800413        0x0 /usr/local/CrossPack-AVR-20100115/lib/gcc/avr/4.3.3/avr5/libgcc.a(_epilogue.o)
 *(.bss*)
 *(COMMON)
 COMMON         0x00800413        0x9 obj/audio/dac.o
                0x00800413                dac_buffer_pool
                0x0080041b                empty_buffer_flag
 COMMON         0x0080041c      0x446 obj/audio/player.o
                0x0080041c                scratch
                0x0080045c                player
                0x00800462                pcm_buffer
 COMMON         0x00800862        0x6 /usr/local/CrossPack-AVR-20100115/lib/gcc/avr/4.3.3/../../../../avr/lib/avr5/libc.a(iob.o)
                0x00800862                __iob
                0x00800868                PROVIDE (__bss_end, .)
                0x00005018                __data_load_start = LOADADDR (.data)
                0x0000504a                __data_load_end = (__data_load_start + SIZEOF (.data))

.noinit         0x00800868        0x0
                0x00800868                PROVIDE (__noinit_start, .)
 *(.noinit*)
                0x00800868                PROVIDE (__noinit_end, .)
                0x00800868                _end = .
                0x00800868                PROVIDE (__heap_start, .)

.eeprom         0x00810000        0x0
 *(.eeprom*)
                0x00810000                __eeprom_end = .

.fuse
 *(.fuse)
 *(.lfuse)
 *(.hfuse)
 *(.efuse)

.lock
 *(.lock*)

.signature
 *(.signature*)

.stab           0x00000000     0x11e8
 *(.stab)
 .stab          0x00000000      0x6b4 /usr/local/CrossPack-AVR-20100115/lib/gcc/avr/4.3.3/../../../../avr/lib/avr5/crtm32u4.o
 .stab          0x000006b4       0x84 /usr/local/CrossPack-AVR-20100115/lib/gcc/avr/4.3.3/../../../../avr/lib/avr5/libc.a(strcmp_P.o)
                                 0x90 (size before relaxing)
 .stab          0x00000738       0xc0 /usr/local/CrossPack-AVR-20100115/lib/gcc/avr/4.3.3/../../../../avr/lib/avr5/libc.a(strncmp_P.o)
                                 0xcc (size before relaxing)
 .stab          0x000007f8       0x84 /usr/local/CrossPack-AVR-20100115/lib/gcc/avr/4.3.3/../../../../avr/lib/avr5/libc.a(memcpy.o)
                                 0x90 (size before relaxing)
 .stab          0x0000087c       0x6c /usr/local/CrossPack-AVR-20100115/lib/gcc/avr/4.3.3/../../../../avr/lib/avr5/libc.a(memset.o)
                                 0x78 (size before relaxing)
 .stab          0x000008e8       0x9c /usr/local/CrossPack-AVR-20100115/lib/gcc/avr/4.3.3/../../../../avr/lib/avr5/libc.a(strchr.o)
                                 0xa8 (size before relaxing)
 .stab          0x00000984       0x84 /usr/local/CrossPack-AVR-20100115/lib/gcc/avr/4.3.3/../../../../avr/lib/avr5/libc.a(strcmp.o)
                                 0x90 (size before relaxing)
 .stab          0x00000a08       0xc0 /usr/local/CrossPack-AVR-20100115/lib/gcc/avr/4.3.3/../../../../avr/lib/avr5/libc.a(strncmp.o)
                                 0xcc (size before relaxing)
 .stab          0x00000ac8       0xcc /usr/local/CrossPack-AVR-20100115/lib/gcc/avr/4.3.3/../../../../avr/lib/avr5/libc.a(strncpy.o)
                                 0xd8 (size before relaxing)
 .stab          0x00000b94       0x9c /usr/local/CrossPack-AVR-20100115/lib/gcc/avr/4.3.3/../../../../avr/lib/avr5/libc.a(strrchr.o)
                                 0xa8 (size before relaxing)
 .stab          0x00000c30       0x9c /usr/local/CrossPack-AVR-20100115/lib/gcc/avr/4.3.3/../../../../avr/lib/avr5/libc.a(strnlen_P.o)
                                 0xa8 (size before relaxing)
 .stab          0x00000ccc       0x9c /usr/local/CrossPack-AVR-20100115/lib/gcc/avr/4.3.3/../../../../avr/lib/avr5/libc.a(strnlen.o)
                                 0xa8 (size before relaxing)
 .stab          0x00000d68      0x480 /usr/local/CrossPack-AVR-20100115/lib/gcc/avr/4.3.3/../../../../avr/lib/avr5/libc.a(ultoa_invert.o)
                                0x48c (size before relaxing)

.stabstr        0x00000000      0x4e9
 *(.stabstr)
 .stabstr       0x00000000      0x4e9 /usr/local/CrossPack-AVR-20100115/lib/gcc/avr/4.3.3/../../../../avr/lib/avr5/crtm32u4.o

.stab.excl
 *(.stab.excl)

.stab.exclstr
 *(.stab.exclstr)

.stab.index
 *(.stab.index)

.stab.indexstr
 *(.stab.indexstr)

.comment
 *(.comment)

.debug
 *(.debug)

.line
 *(.line)

.debug_srcinfo
 *(.debug_srcinfo)

.debug_sfnames
 *(.debug_sfnames)

.debug_aranges  0x00000000      0x1e0
 *(.debug_aranges)
 .debug_aranges
                0x00000000       0x20 obj/apps/shell/shell.o
 .debug_aranges
                0x00000020       0x20 obj/apps/shell/uart.o
 .debug_aranges
                0x00000040       0x20 obj/utils/main.o
 .debug_aranges
                0x00000060       0x20 obj/utils/delay.o
 .debug_aranges
                0x00000080       0x20 obj/audio/dac.o
 .debug_aranges
                0x000000a0       0x20 obj/audio/player.o
 .debug_aranges
                0x000000c0       0x20 obj/audio/wavparser.o
 .debug_aranges
                0x000000e0       0x20 obj/vendor/LUFA_091223/LUFA/Drivers/Peripheral/SerialStream.o
 .debug_aranges
                0x00000100       0x20 obj/vendor/sd-reader_source_20090330-teensy/fat.o
 .debug_aranges
                0x00000120       0x20 obj/vendor/sd-reader_source_20090330-teensy/partition.o
 .debug_aranges
                0x00000140       0x20 obj/vendor/sd-reader_source_20090330-teensy/sd_raw.o
 .debug_aranges
                0x00000160       0x20 /usr/local/CrossPack-AVR-20100115/lib/gcc/avr/4.3.3/../../../../avr/lib/avr5/libc.a(fgetc.o)
 .debug_aranges
                0x00000180       0x20 /usr/local/CrossPack-AVR-20100115/lib/gcc/avr/4.3.3/../../../../avr/lib/avr5/libc.a(fputc.o)
 .debug_aranges
                0x000001a0       0x20 /usr/local/CrossPack-AVR-20100115/lib/gcc/avr/4.3.3/../../../../avr/lib/avr5/libc.a(printf_p.o)
 .debug_aranges
                0x000001c0       0x20 /usr/local/CrossPack-AVR-20100115/lib/gcc/avr/4.3.3/../../../../avr/lib/avr5/libc.a(vfprintf_std.o)

.debug_pubnames
                0x00000000      0x5c5
 *(.debug_pubnames)
 .debug_pubnames
                0x00000000       0x4a obj/apps/shell/shell.o
 .debug_pubnames
                0x0000004a       0xb6 obj/apps/shell/uart.o
 .debug_pubnames
                0x00000100       0x2b obj/utils/main.o
 .debug_pubnames
                0x0000012b       0x2c obj/utils/delay.o
 .debug_pubnames
                0x00000157       0x91 obj/audio/dac.o
 .debug_pubnames
                0x000001e8       0x8c obj/audio/player.o
 .debug_pubnames
                0x00000274       0x2d obj/audio/wavparser.o
 .debug_pubnames
                0x000002a1       0x22 obj/vendor/LUFA_091223/LUFA/Drivers/Peripheral/SerialStream.o
 .debug_pubnames
                0x000002c3      0x176 obj/vendor/sd-reader_source_20090330-teensy/fat.o
 .debug_pubnames
                0x00000439       0x39 obj/vendor/sd-reader_source_20090330-teensy/partition.o
 .debug_pubnames
                0x00000472       0xc1 obj/vendor/sd-reader_source_20090330-teensy/sd_raw.o
 .debug_pubnames
                0x00000533       0x1c /usr/local/CrossPack-AVR-20100115/lib/gcc/avr/4.3.3/../../../../avr/lib/avr5/libc.a(fgetc.o)
 .debug_pubnames
                0x0000054f       0x1c /usr/local/CrossPack-AVR-20100115/lib/gcc/avr/4.3.3/../../../../avr/lib/avr5/libc.a(fputc.o)
 .debug_pubnames
                0x0000056b       0x1c /usr/local/CrossPack-AVR-20100115/lib/gcc/avr/4.3.3/../../../../avr/lib/avr5/libc.a(iob.o)
 .debug_pubnames
                0x00000587       0x1f /usr/local/CrossPack-AVR-20100115/lib/gcc/avr/4.3.3/../../../../avr/lib/avr5/libc.a(printf_p.o)
 .debug_pubnames
                0x000005a6       0x1f /usr/local/CrossPack-AVR-20100115/lib/gcc/avr/4.3.3/../../../../avr/lib/avr5/libc.a(vfprintf_std.o)

.debug_info     0x00000000     0x4d4c
 *(.debug_info)
 .debug_info    0x00000000      0xe6d obj/apps/shell/shell.o
 .debug_info    0x00000e6d      0x395 obj/apps/shell/uart.o
 .debug_info    0x00001202      0x123 obj/utils/main.o
 .debug_info    0x00001325      0x1dc obj/utils/delay.o
 .debug_info    0x00001501      0x24e obj/audio/dac.o
 .debug_info    0x0000174f      0x42a obj/audio/player.o
 .debug_info    0x00001b79      0x1b4 obj/audio/wavparser.o
 .debug_info    0x00001d2d      0x216 obj/vendor/LUFA_091223/LUFA/Drivers/Peripheral/SerialStream.o
 .debug_info    0x00001f43       0x5e obj/vendor/sd-reader_source_20090330-teensy/byteordering.o
 .debug_info    0x00001fa1     0x1881 obj/vendor/sd-reader_source_20090330-teensy/fat.o
 .debug_info    0x00003822      0x331 obj/vendor/sd-reader_source_20090330-teensy/partition.o
 .debug_info    0x00003b53      0x8d2 obj/vendor/sd-reader_source_20090330-teensy/sd_raw.o
 .debug_info    0x00004425      0x16b /usr/local/CrossPack-AVR-20100115/lib/gcc/avr/4.3.3/../../../../avr/lib/avr5/libc.a(fgetc.o)
 .debug_info    0x00004590      0x16a /usr/local/CrossPack-AVR-20100115/lib/gcc/avr/4.3.3/../../../../avr/lib/avr5/libc.a(fputc.o)
 .debug_info    0x000046fa      0x156 /usr/local/CrossPack-AVR-20100115/lib/gcc/avr/4.3.3/../../../../avr/lib/avr5/libc.a(iob.o)
 .debug_info    0x00004850      0x1b4 /usr/local/CrossPack-AVR-20100115/lib/gcc/avr/4.3.3/../../../../avr/lib/avr5/libc.a(printf_p.o)
 .debug_info    0x00004a04      0x348 /usr/local/CrossPack-AVR-20100115/lib/gcc/avr/4.3.3/../../../../avr/lib/avr5/libc.a(vfprintf_std.o)
 *(.gnu.linkonce.wi.*)

.debug_abbrev   0x00000000     0x1696
 *(.debug_abbrev)
 .debug_abbrev  0x00000000      0x29a obj/apps/shell/shell.o
 .debug_abbrev  0x0000029a      0x162 obj/apps/shell/uart.o
 .debug_abbrev  0x000003fc       0xbe obj/utils/main.o
 .debug_abbrev  0x000004ba       0xdd obj/utils/delay.o
 .debug_abbrev  0x00000597      0x12b obj/audio/dac.o
 .debug_abbrev  0x000006c2      0x1f9 obj/audio/player.o
 .debug_abbrev  0x000008bb       0xe9 obj/audio/wavparser.o
 .debug_abbrev  0x000009a4      0x16d obj/vendor/LUFA_091223/LUFA/Drivers/Peripheral/SerialStream.o
 .debug_abbrev  0x00000b11       0x2a obj/vendor/sd-reader_source_20090330-teensy/byteordering.o
 .debug_abbrev  0x00000b3b      0x2c7 obj/vendor/sd-reader_source_20090330-teensy/fat.o
 .debug_abbrev  0x00000e02       0xec obj/vendor/sd-reader_source_20090330-teensy/partition.o
 .debug_abbrev  0x00000eee      0x280 obj/vendor/sd-reader_source_20090330-teensy/sd_raw.o
 .debug_abbrev  0x0000116e       0xdb /usr/local/CrossPack-AVR-20100115/lib/gcc/avr/4.3.3/../../../../avr/lib/avr5/libc.a(fgetc.o)
 .debug_abbrev  0x00001249       0xdb /usr/local/CrossPack-AVR-20100115/lib/gcc/avr/4.3.3/../../../../avr/lib/avr5/libc.a(fputc.o)
 .debug_abbrev  0x00001324       0xd0 /usr/local/CrossPack-AVR-20100115/lib/gcc/avr/4.3.3/../../../../avr/lib/avr5/libc.a(iob.o)
 .debug_abbrev  0x000013f4      0x10f /usr/local/CrossPack-AVR-20100115/lib/gcc/avr/4.3.3/../../../../avr/lib/avr5/libc.a(printf_p.o)
 .debug_abbrev  0x00001503      0x193 /usr/local/CrossPack-AVR-20100115/lib/gcc/avr/4.3.3/../../../../avr/lib/avr5/libc.a(vfprintf_std.o)

.debug_line     0x00000000     0x3dbb
 *(.debug_line)
 .debug_line    0x00000000      0x78e obj/apps/shell/shell.o
 .debug_line    0x0000078e      0x2e1 obj/apps/shell/uart.o
 .debug_line    0x00000a6f      0x165 obj/utils/main.o
 .debug_line    0x00000bd4      0x171 obj/utils/delay.o
 .debug_line    0x00000d45      0x2c7 obj/audio/dac.o
 .debug_line    0x0000100c      0x48a obj/audio/player.o
 .debug_line    0x00001496      0x1b2 obj/audio/wavparser.o
 .debug_line    0x00001648      0x13e obj/vendor/LUFA_091223/LUFA/Drivers/Peripheral/SerialStream.o
 .debug_line    0x00001786       0x3e obj/vendor/sd-reader_source_20090330-teensy/byteordering.o
 .debug_line    0x000017c4     0x12b6 obj/vendor/sd-reader_source_20090330-teensy/fat.o
 .debug_line    0x00002a7a      0x1a2 obj/vendor/sd-reader_source_20090330-teensy/partition.o
 .debug_line    0x00002c1c      0x994 obj/vendor/sd-reader_source_20090330-teensy/sd_raw.o
 .debug_line    0x000035b0      0x117 /usr/local/CrossPack-AVR-20100115/lib/gcc/avr/4.3.3/../../../../avr/lib/avr5/libc.a(fgetc.o)
 .debug_line    0x000036c7       0xd7 /usr/local/CrossPack-AVR-20100115/lib/gcc/avr/4.3.3/../../../../avr/lib/avr5/libc.a(fputc.o)
 .debug_line    0x0000379e       0x83 /usr/local/CrossPack-AVR-20100115/lib/gcc/avr/4.3.3/../../../../avr/lib/avr5/libc.a(iob.o)
 .debug_line    0x00003821      0x118 /usr/local/CrossPack-AVR-20100115/lib/gcc/avr/4.3.3/../../../../avr/lib/avr5/libc.a(printf_p.o)
 .debug_line    0x00003939      0x482 /usr/local/CrossPack-AVR-20100115/lib/gcc/avr/4.3.3/../../../../avr/lib/avr5/libc.a(vfprintf_std.o)

.debug_frame    0x00000000      0x5f0
 *(.debug_frame)
 .debug_frame   0x00000000       0x80 obj/apps/shell/shell.o
 .debug_frame   0x00000080       0xb0 obj/apps/shell/uart.o
 .debug_frame   0x00000130       0x30 obj/utils/main.o
 .debug_frame   0x00000160       0x30 obj/utils/delay.o
 .debug_frame   0x00000190       0x70 obj/audio/dac.o
 .debug_frame   0x00000200       0x60 obj/audio/player.o
 .debug_frame   0x00000260       0x20 obj/audio/wavparser.o
 .debug_frame   0x00000280       0x30 obj/vendor/LUFA_091223/LUFA/Drivers/Peripheral/SerialStream.o
 .debug_frame   0x000002b0      0x1e0 obj/vendor/sd-reader_source_20090330-teensy/fat.o
 .debug_frame   0x00000490       0x30 obj/vendor/sd-reader_source_20090330-teensy/partition.o
 .debug_frame   0x000004c0       0xb0 obj/vendor/sd-reader_source_20090330-teensy/sd_raw.o
 .debug_frame   0x00000570       0x20 /usr/local/CrossPack-AVR-20100115/lib/gcc/avr/4.3.3/../../../../avr/lib/avr5/libc.a(fgetc.o)
 .debug_frame   0x00000590       0x20 /usr/local/CrossPack-AVR-20100115/lib/gcc/avr/4.3.3/../../../../avr/lib/avr5/libc.a(fputc.o)
 .debug_frame   0x000005b0       0x20 /usr/local/CrossPack-AVR-20100115/lib/gcc/avr/4.3.3/../../../../avr/lib/avr5/libc.a(printf_p.o)
 .debug_frame   0x000005d0       0x20 /usr/local/CrossPack-AVR-20100115/lib/gcc/avr/4.3.3/../../../../avr/lib/avr5/libc.a(vfprintf_std.o)

.debug_str      0x00000000     0x134f
 *(.debug_str)
 .debug_str     0x00000000      0x3f3 obj/apps/shell/shell.o
                                0x493 (size before relaxing)
 .debug_str     0x000003f3       0xb8 obj/apps/shell/uart.o
                                0x1ba (size before relaxing)
 .debug_str     0x000004ab       0x92 obj/utils/main.o
                                0x15e (size before relaxing)
 .debug_str     0x0000053d       0x6b obj/utils/delay.o
                                0x14d (size before relaxing)
 .debug_str     0x000005a8       0xe0 obj/audio/dac.o
                                0x1ce (size before relaxing)
 .debug_str     0x00000688      0x1a9 obj/audio/player.o
                                0x32b (size before relaxing)
 .debug_str     0x00000831       0x35 obj/audio/wavparser.o
                                0x229 (size before relaxing)
 .debug_str     0x00000866       0x8d obj/vendor/LUFA_091223/LUFA/Drivers/Peripheral/SerialStream.o
                                0x190 (size before relaxing)
 .debug_str     0x000008f3       0x3d obj/vendor/sd-reader_source_20090330-teensy/byteordering.o
                                 0xfc (size before relaxing)
 .debug_str     0x00000930      0x654 obj/vendor/sd-reader_source_20090330-teensy/fat.o
                                0x93e (size before relaxing)
 .debug_str     0x00000f84       0x7f obj/vendor/sd-reader_source_20090330-teensy/partition.o
                                0x266 (size before relaxing)
 .debug_str     0x00001003      0x1d3 obj/vendor/sd-reader_source_20090330-teensy/sd_raw.o
                                0x3b7 (size before relaxing)
 .debug_str     0x000011d6       0x8b /usr/local/CrossPack-AVR-20100115/lib/gcc/avr/4.3.3/../../../../avr/lib/avr5/libc.a(fgetc.o)
                                0x129 (size before relaxing)
 .debug_str     0x00001261       0x22 /usr/local/CrossPack-AVR-20100115/lib/gcc/avr/4.3.3/../../../../avr/lib/avr5/libc.a(fputc.o)
                                0x129 (size before relaxing)
 .debug_str     0x00001283       0x1a /usr/local/CrossPack-AVR-20100115/lib/gcc/avr/4.3.3/../../../../avr/lib/avr5/libc.a(iob.o)
                                0x120 (size before relaxing)
 .debug_str     0x0000129d       0x49 /usr/local/CrossPack-AVR-20100115/lib/gcc/avr/4.3.3/../../../../avr/lib/avr5/libc.a(printf_p.o)
                                0x157 (size before relaxing)
 .debug_str     0x000012e6       0x69 /usr/local/CrossPack-AVR-20100115/lib/gcc/avr/4.3.3/../../../../avr/lib/avr5/libc.a(vfprintf_std.o)
                                0x199 (size before relaxing)

.debug_loc      0x00000000     0x41c5
 *(.debug_loc)
 .debug_loc     0x00000000      0x651 obj/apps/shell/shell.o
 .debug_loc     0x00000651      0x33d obj/apps/shell/uart.o
 .debug_loc     0x0000098e       0x4e obj/audio/dac.o
 .debug_loc     0x000009dc       0xf0 obj/audio/player.o
 .debug_loc     0x00000acc       0xb8 obj/audio/wavparser.o
 .debug_loc     0x00000b84       0x36 obj/vendor/LUFA_091223/LUFA/Drivers/Peripheral/SerialStream.o
 .debug_loc     0x00000bba     0x23b1 obj/vendor/sd-reader_source_20090330-teensy/fat.o
 .debug_loc     0x00002f6b      0x1da obj/vendor/sd-reader_source_20090330-teensy/partition.o
 .debug_loc     0x00003145      0xb55 obj/vendor/sd-reader_source_20090330-teensy/sd_raw.o
 .debug_loc     0x00003c9a       0x80 /usr/local/CrossPack-AVR-20100115/lib/gcc/avr/4.3.3/../../../../avr/lib/avr5/libc.a(fgetc.o)
 .debug_loc     0x00003d1a       0x60 /usr/local/CrossPack-AVR-20100115/lib/gcc/avr/4.3.3/../../../../avr/lib/avr5/libc.a(fputc.o)
 .debug_loc     0x00003d7a      0x44b /usr/local/CrossPack-AVR-20100115/lib/gcc/avr/4.3.3/../../../../avr/lib/avr5/libc.a(vfprintf_std.o)

.debug_macinfo
 *(.debug_macinfo)
OUTPUT(shell.elf elf32-avr)
LOAD linker stubs

.debug_ranges   0x00000000      0x2a8
 .debug_ranges  0x00000000       0x68 obj/apps/shell/shell.o
 .debug_ranges  0x00000068       0x30 obj/apps/shell/uart.o
 .debug_ranges  0x00000098       0xd8 obj/vendor/sd-reader_source_20090330-teensy/fat.o
 .debug_ranges  0x00000170       0xc0 obj/vendor/sd-reader_source_20090330-teensy/sd_raw.o
 .debug_ranges  0x00000230       0x18 /usr/local/CrossPack-AVR-20100115/lib/gcc/avr/4.3.3/../../../../avr/lib/avr5/libc.a(fgetc.o)
 .debug_ranges  0x00000248       0x18 /usr/local/CrossPack-AVR-20100115/lib/gcc/avr/4.3.3/../../../../avr/lib/avr5/libc.a(fputc.o)
 .debug_ranges  0x00000260       0x18 /usr/local/CrossPack-AVR-20100115/lib/gcc/avr/4.3.3/../../../../avr/lib/avr5/libc.a(printf_p.o)
 .debug_ranges  0x00000278       0x30 /usr/local/CrossPack-AVR-20100115/lib/gcc/avr/4.3.3/../../../../avr/lib/avr5/libc.a(vfprintf_std.o)

Cross Reference Table

Symbol                                            File
USARTStream                                       obj/vendor/LUFA_091223/LUFA/Drivers/Peripheral/SerialStream.o
                                                  obj/apps/shell/shell.o
__bad_interrupt                                   /usr/local/CrossPack-AVR-20100115/lib/gcc/avr/4.3.3/../../../../avr/lib/avr5/crtm32u4.o
__bss_end                                         /usr/local/CrossPack-AVR-20100115/lib/gcc/avr/4.3.3/avr5/libgcc.a(_clear_bss.o)
__bss_start                                       /usr/local/CrossPack-AVR-20100115/lib/gcc/avr/4.3.3/avr5/libgcc.a(_clear_bss.o)
__data_end                                        /usr/local/CrossPack-AVR-20100115/lib/gcc/avr/4.3.3/avr5/libgcc.a(_copy_data.o)
__data_load_start                                 /usr/local/CrossPack-AVR-20100115/lib/gcc/avr/4.3.3/avr5/libgcc.a(_copy_data.o)
__data_start                                      /usr/local/CrossPack-AVR-20100115/lib/gcc/avr/4.3.3/avr5/libgcc.a(_copy_data.o)
__divmodhi4                                       /usr/local/CrossPack-AVR-20100115/lib/gcc/avr/4.3.3/avr5/libgcc.a(_divmodhi4.o)
                                                  obj/vendor/sd-reader_source_20090330-teensy/fat.o
__do_clear_bss                                    /usr/local/CrossPack-AVR-20100115/lib/gcc/avr/4.3.3/avr5/libgcc.a(_clear_bss.o)
                                                  /usr/local/CrossPack-AVR-20100115/lib/gcc/avr/4.3.3/../../../../avr/lib/avr5/libc.a(iob.o)
                                                  obj/vendor/sd-reader_source_20090330-teensy/sd_raw.o
                                                  obj/vendor/sd-reader_source_20090330-teensy/partition.o
                                                  obj/vendor/sd-reader_source_20090330-teensy/fat.o
                                                  obj/audio/player.o
                                                  obj/audio/dac.o
                                                  obj/apps/shell/shell.o
__do_copy_data                                    /usr/local/CrossPack-AVR-20100115/lib/gcc/avr/4.3.3/avr5/libgcc.a(_copy_data.o)
                                                  obj/vendor/sd-reader_source_20090330-teensy/fat.o
                                                  obj/vendor/LUFA_091223/LUFA/Drivers/Peripheral/SerialStream.o
                                                  obj/audio/wavparser.o
                                                  obj/apps/shell/shell.o
__epilogue_restores__                             /usr/local/CrossPack-AVR-20100115/lib/gcc/avr/4.3.3/avr5/libgcc.a(_epilogue.o)
                                                  /usr/local/CrossPack-AVR-20100115/lib/gcc/avr/4.3.3/../../../../avr/lib/avr5/libc.a(vfprintf_std.o)
                                                  /usr/local/CrossPack-AVR-20100115/lib/gcc/avr/4.3.3/../../../../avr/lib/avr5/libc.a(printf_p.o)
__heap_end                                        /usr/local/CrossPack-AVR-20100115/lib/gcc/avr/4.3.3/../../../../avr/lib/avr5/crtm32u4.o
__init                                            /usr/local/CrossPack-AVR-20100115/lib/gcc/avr/4.3.3/../../../../avr/lib/avr5/crtm32u4.o
__iob                                             /usr/local/CrossPack-AVR-20100115/lib/gcc/avr/4.3.3/../../../../avr/lib/avr5/libc.a(printf_p.o)
                                                  /usr/local/CrossPack-AVR-20100115/lib/gcc/avr/4.3.3/../../../../avr/lib/avr5/libc.a(iob.o)
                                                  obj/apps/shell/uart.o
                                                  obj/apps/shell/shell.o
__mulsi3                                          /usr/local/CrossPack-AVR-20100115/lib/gcc/avr/4.3.3/avr5/libgcc.a(_mulsi3.o)
                                                  obj/vendor/sd-reader_source_20090330-teensy/fat.o
                                                  obj/apps/shell/uart.o
                                                  obj/apps/shell/shell.o
__prologue_saves__                                /usr/local/CrossPack-AVR-20100115/lib/gcc/avr/4.3.3/avr5/libgcc.a(_prologue.o)
                                                  /usr/local/CrossPack-AVR-20100115/lib/gcc/avr/4.3.3/../../../../avr/lib/avr5/libc.a(vfprintf_std.o)
                                                  /usr/local/CrossPack-AVR-20100115/lib/gcc/avr/4.3.3/../../../../avr/lib/avr5/libc.a(printf_p.o)
__stack                                           /usr/local/CrossPack-AVR-20100115/lib/gcc/avr/4.3.3/../../../../avr/lib/avr5/crtm32u4.o
__udivmodhi4                                      /usr/local/CrossPack-AVR-20100115/lib/gcc/avr/4.3.3/avr5/libgcc.a(_udivmodhi4.o)
                                                  /usr/local/CrossPack-AVR-20100115/lib/gcc/avr/4.3.3/avr5/libgcc.a(_divmodhi4.o)
                                                  obj/vendor/sd-reader_source_20090330-teensy/fat.o
                                                  obj/apps/shell/uart.o
__udivmodsi4                                      /usr/local/CrossPack-AVR-20100115/lib/gcc/avr/4.3.3/avr5/libgcc.a(_udivmodsi4.o)
                                                  obj/vendor/sd-reader_source_20090330-teensy/fat.o
                                                  obj/apps/shell/uart.o
__ultoa_invert                                    /usr/local/CrossPack-AVR-20100115/lib/gcc/avr/4.3.3/../../../../avr/lib/avr5/libc.a(ultoa_invert.o)
                                                  /usr/local/CrossPack-AVR-20100115/lib/gcc/avr/4.3.3/../../../../avr/lib/avr5/libc.a(vfprintf_std.o)
__vector_1                                        /usr/local/CrossPack-AVR-20100115/lib/gcc/avr/4.3.3/../../../../avr/lib/avr5/crtm32u4.o
__vector_10                                       /usr/local/CrossPack-AVR-20100115/lib/gcc/avr/4.3.3/../../../../avr/lib/avr5/crtm32u4.o
__vector_11                                       /usr/local/CrossPack-AVR-20100115/lib/gcc/avr/4.3.3/../../../../avr/lib/avr5/crtm32u4.o
__vector_12                                       /usr/local/CrossPack-AVR-20100115/lib/gcc/avr/4.3.3/../../../../avr/lib/avr5/crtm32u4.o
__vector_13                                       /usr/local/CrossPack-AVR-20100115/lib/gcc/avr/4.3.3/../../../../avr/lib/avr5/crtm32u4.o
__vector_14                                       /usr/local/CrossPack-AVR-20100115/lib/gcc/avr/4.3.3/../../../../avr/lib/avr5/crtm32u4.o
__vector_15                                       /usr/local/CrossPack-AVR-20100115/lib/gcc/avr/4.3.3/../../../../avr/lib/avr5/crtm32u4.o
__vector_16                                       /usr/local/CrossPack-AVR-20100115/lib/gcc/avr/4.3.3/../../../../avr/lib/avr5/crtm32u4.o
__vector_17                                       /usr/local/CrossPack-AVR-20100115/lib/gcc/avr/4.3.3/../../../../avr/lib/avr5/crtm32u4.o
__vector_18                                       /usr/local/CrossPack-AVR-20100115/lib/gcc/avr/4.3.3/../../../../avr/lib/avr5/crtm32u4.o
__vector_19                                       /usr/local/CrossPack-AVR-20100115/lib/gcc/avr/4.3.3/../../../../avr/lib/avr5/crtm32u4.o
__vector_2                                        /usr/local/CrossPack-AVR-20100115/lib/gcc/avr/4.3.3/../../../../avr/lib/avr5/crtm32u4.o
__vector_20                                       /usr/local/CrossPack-AVR-20100115/lib/gcc/avr/4.3.3/../../../../avr/lib/avr5/crtm32u4.o
__vector_21                                       obj/audio/dac.o
                                                  /usr/local/CrossPack-AVR-20100115/lib/gcc/avr/4.3.3/../../../../avr/lib/avr5/crtm32u4.o
__vector_22                                       obj/audio/player.o
                                                  /usr/local/CrossPack-AVR-20100115/lib/gcc/avr/4.3.3/../../../../avr/lib/avr5/crtm32u4.o
__vector_23                                       /usr/local/CrossPack-AVR-20100115/lib/gcc/avr/4.3.3/../../../../avr/lib/avr5/crtm32u4.o
__vector_24                                       /usr/local/CrossPack-AVR-20100115/lib/gcc/avr/4.3.3/../../../../avr/lib/avr5/crtm32u4.o
__vector_25                                       /usr/local/CrossPack-AVR-20100115/lib/gcc/avr/4.3.3/../../../../avr/lib/avr5/crtm32u4.o
__vector_26                                       /usr/local/CrossPack-AVR-20100115/lib/gcc/avr/4.3.3/../../../../avr/lib/avr5/crtm32u4.o
__vector_27                                       /usr/local/CrossPack-AVR-20100115/lib/gcc/avr/4.3.3/../../../../avr/lib/avr5/crtm32u4.o
__vector_28                                       /usr/local/CrossPack-AVR-20100115/lib/gcc/avr/4.3.3/../../../../avr/lib/avr5/crtm32u4.o
__vector_29                                       /usr/local/CrossPack-AVR-20100115/lib/gcc/avr/4.3.3/../../../../avr/lib/avr5/crtm32u4.o
__vector_3                                        /usr/local/CrossPack-AVR-20100115/lib/gcc/avr/4.3.3/../../../../avr/lib/avr5/crtm32u4.o
__vector_30                                       /usr/local/CrossPack-AVR-20100115/lib/gcc/avr/4.3.3/../../../../avr/lib/avr5/crtm32u4.o
__vector_31                                       /usr/local/CrossPack-AVR-20100115/lib/gcc/avr/4.3.3/../../../../avr/lib/avr5/crtm32u4.o
__vector_32                                       /usr/local/CrossPack-AVR-20100115/lib/gcc/avr/4.3.3/../../../../avr/lib/avr5/crtm32u4.o
__vector_33                                       /usr/local/CrossPack-AVR-20100115/lib/gcc/avr/4.3.3/../../../../avr/lib/avr5/crtm32u4.o
__vector_34                                       /usr/local/CrossPack-AVR-20100115/lib/gcc/avr/4.3.3/../../../../avr/lib/avr5/crtm32u4.o
__vector_35                                       /usr/local/CrossPack-AVR-20100115/lib/gcc/avr/4.3.3/../../../../avr/lib/avr5/crtm32u4.o
__vector_36                                       /usr/local/CrossPack-AVR-20100115/lib/gcc/avr/4.3.3/../../../../avr/lib/avr5/crtm32u4.o
__vector_37                                       /usr/local/CrossPack-AVR-20100115/lib/gcc/avr/4.3.3/../../../../avr/lib/avr5/crtm32u4.o
__vector_38                                       /usr/local/CrossPack-AVR-20100115/lib/gcc/avr/4.3.3/../../../../avr/lib/avr5/crtm32u4.o
__vector_39                                       /usr/local/CrossPack-AVR-20100115/lib/gcc/avr/4.3.3/../../../../avr/lib/avr5/crtm32u4.o
__vector_4                                        /usr/local/CrossPack-AVR-20100115/lib/gcc/avr/4.3.3/../../../../avr/lib/avr5/crtm32u4.o
__vector_40                                       /usr/local/CrossPack-AVR-20100115/lib/gcc/avr/4.3.3/../../../../avr/lib/avr5/crtm32u4.o
__vector_41                                       /usr/local/CrossPack-AVR-20100115/lib/gcc/avr/4.3.3/../../../../avr/lib/avr5/crtm32u4.o
__vector_42                                       /usr/local/CrossPack-AVR-20100115/lib/gcc/avr/4.3.3/../../../../avr/lib/avr5/crtm32u4.o
__vector_5                                        /usr/local/CrossPack-AVR-20100115/lib/gcc/avr/4.3.3/../../../../avr/lib/avr5/crtm32u4.o
__vector_6                                        /usr/local/CrossPack-AVR-20100115/lib/gcc/avr/4.3.3/../../../../avr/lib/avr5/crtm32u4.o
__vector_7                                        /usr/local/CrossPack-AVR-20100115/lib/gcc/avr/4.3.3/../../../../avr/lib/avr5/crtm32u4.o
__vector_8                                        /usr/local/CrossPack-AVR-20100115/lib/gcc/avr/4.3.3/../../../../avr/lib/avr5/crtm32u4.o
__vector_9                                        /usr/local/CrossPack-AVR-20100115/lib/gcc/avr/4.3.3/../../../../avr/lib/avr5/crtm32u4.o
__vector_default                                  /usr/local/CrossPack-AVR-20100115/lib/gcc/avr/4.3.3/../../../../avr/lib/avr5/crtm32u4.o
__vectors                                         /usr/local/CrossPack-AVR-20100115/lib/gcc/avr/4.3.3/../../../../avr/lib/avr5/crtm32u4.o
_div                                              /usr/local/CrossPack-AVR-20100115/lib/gcc/avr/4.3.3/avr5/libgcc.a(_divmodhi4.o)
_exit                                             /usr/local/CrossPack-AVR-20100115/lib/gcc/avr/4.3.3/avr5/libgcc.a(_exit.o)
application_main                                  obj/apps/shell/shell.o
                                                  obj/utils/main.o
basic_setup                                       obj/utils/main.o
dac_buffer_pool                                   obj/audio/dac.o
dac_init                                          obj/audio/dac.o
                                                  obj/audio/player.o
dac_pause                                         obj/audio/dac.o
                                                  obj/audio/player.o
dac_resume                                        obj/audio/dac.o
                                                  obj/audio/player.o
dac_start                                         obj/audio/dac.o
                                                  obj/audio/player.o
dac_stop                                          obj/audio/dac.o
                                                  obj/audio/player.o
delay_ms                                          obj/utils/delay.o
delay_us                                          obj/utils/delay.o
empty_buffer_flag                                 obj/audio/player.o
                                                  obj/audio/dac.o
exit                                              /usr/local/CrossPack-AVR-20100115/lib/gcc/avr/4.3.3/avr5/libgcc.a(_exit.o)
                                                  /usr/local/CrossPack-AVR-20100115/lib/gcc/avr/4.3.3/../../../../avr/lib/avr5/crtm32u4.o
fat_close                                         obj/vendor/sd-reader_source_20090330-teensy/fat.o
                                                  obj/apps/shell/shell.o
fat_close_dir                                     obj/vendor/sd-reader_source_20090330-teensy/fat.o
                                                  obj/apps/shell/shell.o
fat_close_file                                    obj/vendor/sd-reader_source_20090330-teensy/fat.o
                                                  obj/apps/shell/shell.o
fat_create_dir                                    obj/vendor/sd-reader_source_20090330-teensy/fat.o
                                                  obj/apps/shell/shell.o
fat_create_file                                   obj/vendor/sd-reader_source_20090330-teensy/fat.o
                                                  obj/apps/shell/shell.o
fat_delete_file                                   obj/vendor/sd-reader_source_20090330-teensy/fat.o
                                                  obj/apps/shell/shell.o
fat_get_dir_entry_of_path                         obj/vendor/sd-reader_source_20090330-teensy/fat.o
                                                  obj/apps/shell/shell.o
fat_get_fs_free                                   obj/vendor/sd-reader_source_20090330-teensy/fat.o
                                                  obj/apps/shell/shell.o
fat_get_fs_size                                   obj/vendor/sd-reader_source_20090330-teensy/fat.o
                                                  obj/apps/shell/shell.o
fat_open                                          obj/vendor/sd-reader_source_20090330-teensy/fat.o
                                                  obj/apps/shell/shell.o
fat_open_dir                                      obj/vendor/sd-reader_source_20090330-teensy/fat.o
                                                  obj/apps/shell/shell.o
fat_open_file                                     obj/vendor/sd-reader_source_20090330-teensy/fat.o
                                                  obj/apps/shell/shell.o
fat_read_dir                                      obj/vendor/sd-reader_source_20090330-teensy/fat.o
                                                  obj/apps/shell/shell.o
fat_read_file                                     obj/vendor/sd-reader_source_20090330-teensy/fat.o
                                                  obj/audio/wavparser.o
                                                  obj/audio/player.o
                                                  obj/apps/shell/shell.o
fat_reset_dir                                     obj/vendor/sd-reader_source_20090330-teensy/fat.o
                                                  obj/apps/shell/shell.o
fat_resize_file                                   obj/vendor/sd-reader_source_20090330-teensy/fat.o
fat_seek_file                                     obj/vendor/sd-reader_source_20090330-teensy/fat.o
                                                  obj/audio/wavparser.o
                                                  obj/audio/player.o
                                                  obj/apps/shell/shell.o
fat_tell_file                                     obj/vendor/sd-reader_source_20090330-teensy/fat.o
                                                  obj/audio/wavparser.o
fat_write_file                                    obj/vendor/sd-reader_source_20090330-teensy/fat.o
                                                  obj/apps/shell/shell.o
fgetc                                             /usr/local/CrossPack-AVR-20100115/lib/gcc/avr/4.3.3/../../../../avr/lib/avr5/libc.a(fgetc.o)
                                                  obj/apps/shell/uart.o
fputc                                             /usr/local/CrossPack-AVR-20100115/lib/gcc/avr/4.3.3/../../../../avr/lib/avr5/libc.a(fputc.o)
                                                  /usr/local/CrossPack-AVR-20100115/lib/gcc/avr/4.3.3/../../../../avr/lib/avr5/libc.a(vfprintf_std.o)
                                                  obj/apps/shell/uart.o
main                                              obj/utils/main.o
                                                  /usr/local/CrossPack-AVR-20100115/lib/gcc/avr/4.3.3/../../../../avr/lib/avr5/crtm32u4.o
memcpy                                            /usr/local/CrossPack-AVR-20100115/lib/gcc/avr/4.3.3/../../../../avr/lib/avr5/libc.a(memcpy.o)
                                                  obj/vendor/sd-reader_source_20090330-teensy/sd_raw.o
                                                  obj/vendor/sd-reader_source_20090330-teensy/fat.o
memset                                            /usr/local/CrossPack-AVR-20100115/lib/gcc/avr/4.3.3/../../../../avr/lib/avr5/libc.a(memset.o)
                                                  obj/vendor/sd-reader_source_20090330-teensy/fat.o
                                                  obj/apps/shell/shell.o
partition_close                                   obj/vendor/sd-reader_source_20090330-teensy/partition.o
                                                  obj/apps/shell/shell.o
partition_open                                    obj/vendor/sd-reader_source_20090330-teensy/partition.o
                                                  obj/apps/shell/shell.o
pcm_buffer                                        obj/audio/player.o
play_file                                         obj/apps/shell/shell.o
player                                            obj/audio/player.o
player_pause                                      obj/audio/player.o
player_resume                                     obj/audio/player.o
player_start                                      obj/audio/player.o
                                                  obj/apps/shell/shell.o
player_stop                                       obj/audio/player.o
                                                  obj/apps/shell/shell.o
printf_P                                          /usr/local/CrossPack-AVR-20100115/lib/gcc/avr/4.3.3/../../../../avr/lib/avr5/libc.a(printf_p.o)
                                                  obj/audio/player.o
                                                  obj/apps/shell/shell.o
scratch                                           obj/audio/player.o
sd_raw_available                                  obj/vendor/sd-reader_source_20090330-teensy/sd_raw.o
sd_raw_get_info                                   obj/vendor/sd-reader_source_20090330-teensy/sd_raw.o
                                                  obj/apps/shell/shell.o
sd_raw_init                                       obj/vendor/sd-reader_source_20090330-teensy/sd_raw.o
                                                  obj/apps/shell/shell.o
sd_raw_locked                                     obj/vendor/sd-reader_source_20090330-teensy/sd_raw.o
sd_raw_read                                       obj/vendor/sd-reader_source_20090330-teensy/sd_raw.o
                                                  obj/apps/shell/shell.o
sd_raw_read_interval                              obj/vendor/sd-reader_source_20090330-teensy/sd_raw.o
                                                  obj/apps/shell/shell.o
sd_raw_sync                                       obj/vendor/sd-reader_source_20090330-teensy/sd_raw.o
                                                  obj/apps/shell/shell.o
sd_raw_write                                      obj/vendor/sd-reader_source_20090330-teensy/sd_raw.o
                                                  obj/apps/shell/shell.o
sd_raw_write_interval                             obj/vendor/sd-reader_source_20090330-teensy/sd_raw.o
                                                  obj/apps/shell/shell.o
shell_player_eof                                  obj/apps/shell/shell.o
strchr                                            /usr/local/CrossPack-AVR-20100115/lib/gcc/avr/4.3.3/../../../../avr/lib/avr5/libc.a(strchr.o)
                                                  obj/vendor/sd-reader_source_20090330-teensy/fat.o
strcmp                                            /usr/local/CrossPack-AVR-20100115/lib/gcc/avr/4.3.3/../../../../avr/lib/avr5/libc.a(strcmp.o)
                                                  obj/vendor/sd-reader_source_20090330-teensy/fat.o
                                                  obj/apps/shell/shell.o
strcmp_P                                          /usr/local/CrossPack-AVR-20100115/lib/gcc/avr/4.3.3/../../../../avr/lib/avr5/libc.a(strcmp_P.o)
                                                  obj/apps/shell/shell.o
strncmp                                           /usr/local/CrossPack-AVR-20100115/lib/gcc/avr/4.3.3/../../../../avr/lib/avr5/libc.a(strncmp.o)
                                                  obj/vendor/sd-reader_source_20090330-teensy/fat.o
                                                  obj/audio/wavparser.o
strncmp_P                                         /usr/local/CrossPack-AVR-20100115/lib/gcc/avr/4.3.3/../../../../avr/lib/avr5/libc.a(strncmp_P.o)
                                                  obj/apps/shell/shell.o
strncpy                                           /usr/local/CrossPack-AVR-20100115/lib/gcc/avr/4.3.3/../../../../avr/lib/avr5/libc.a(strncpy.o)
                                                  obj/vendor/sd-reader_source_20090330-teensy/fat.o
strnlen                                           /usr/local/CrossPack-AVR-20100115/lib/gcc/avr/4.3.3/../../../../avr/lib/avr5/libc.a(strnlen.o)
                                                  /usr/local/CrossPack-AVR-20100115/lib/gcc/avr/4.3.3/../../../../avr/lib/avr5/libc.a(vfprintf_std.o)
strnlen_P                                         /usr/local/CrossPack-AVR-20100115/lib/gcc/avr/4.3.3/../../../../avr/lib/avr5/libc.a(strnlen_P.o)
                                                  /usr/local/CrossPack-AVR-20100115/lib/gcc/avr/4.3.3/../../../../avr/lib/avr5/libc.a(vfprintf_std.o)
strrchr                                           /usr/local/CrossPack-AVR-20100115/lib/gcc/avr/4.3.3/../../../../avr/lib/avr5/libc.a(strrchr.o)
                                                  obj/vendor/sd-reader_source_20090330-teensy/fat.o
uart_getc                                         obj/apps/shell/uart.o
                                                  obj/apps/shell/shell.o
uart_init                                         obj/apps/shell/uart.o
uart_putc                                         obj/apps/shell/uart.o
                                                  obj/apps/shell/shell.o
uart_putc_hex                                     obj/apps/shell/uart.o
                                                  obj/apps/shell/shell.o
uart_putdw_dec                                    obj/apps/shell/uart.o
                                                  obj/apps/shell/shell.o
uart_putdw_hex                                    obj/apps/shell/uart.o
                                                  obj/apps/shell/shell.o
uart_puts                                         obj/apps/shell/uart.o
                                                  obj/apps/shell/shell.o
uart_puts_p                                       obj/apps/shell/uart.o
                                                  obj/apps/shell/shell.o
uart_putw_dec                                     obj/apps/shell/uart.o
                                                  obj/apps/shell/shell.o
uart_putw_hex                                     obj/apps/shell/uart.o
vfprintf                                          /usr/local/CrossPack-AVR-20100115/lib/gcc/avr/4.3.3/../../../../avr/lib/avr5/libc.a(vfprintf_std.o)
                                                  /usr/local/CrossPack-AVR-20100115/lib/gcc/avr/4.3.3/../../../../avr/lib/avr5/libc.a(printf_p.o)
wavparser_parse_header                            obj/audio/wavparser.o
                                                  obj/audio/player.o
