Archive member included because of file (symbol)

/usr/local/CrossPack-AVR-20100115/lib/gcc/avr/4.3.3/avr5/libgcc.a(_mulsi3.o)
                              obj/apps/shell/shell.o (__mulsi3)
/usr/local/CrossPack-AVR-20100115/lib/gcc/avr/4.3.3/avr5/libgcc.a(_udivmodhi4.o)
                              obj/apps/shell/uart.o (__udivmodhi4)
/usr/local/CrossPack-AVR-20100115/lib/gcc/avr/4.3.3/avr5/libgcc.a(_divmodhi4.o)
                              obj/vendor/sd-reader_source_20090330-teensy/fat.o (__divmodhi4)
/usr/local/CrossPack-AVR-20100115/lib/gcc/avr/4.3.3/avr5/libgcc.a(_udivmodsi4.o)
                              obj/apps/shell/uart.o (__udivmodsi4)
/usr/local/CrossPack-AVR-20100115/lib/gcc/avr/4.3.3/avr5/libgcc.a(_exit.o)
                              /usr/local/CrossPack-AVR-20100115/lib/gcc/avr/4.3.3/../../../../avr/lib/avr5/crtm32u4.o (exit)
/usr/local/CrossPack-AVR-20100115/lib/gcc/avr/4.3.3/avr5/libgcc.a(_copy_data.o)
                              obj/apps/shell/shell.o (__do_copy_data)
/usr/local/CrossPack-AVR-20100115/lib/gcc/avr/4.3.3/avr5/libgcc.a(_clear_bss.o)
                              obj/apps/shell/shell.o (__do_clear_bss)
/usr/local/CrossPack-AVR-20100115/lib/gcc/avr/4.3.3/../../../../avr/lib/avr5/libc.a(strcmp_P.o)
                              obj/apps/shell/shell.o (strcmp_P)
/usr/local/CrossPack-AVR-20100115/lib/gcc/avr/4.3.3/../../../../avr/lib/avr5/libc.a(strncmp_P.o)
                              obj/apps/shell/shell.o (strncmp_P)
/usr/local/CrossPack-AVR-20100115/lib/gcc/avr/4.3.3/../../../../avr/lib/avr5/libc.a(memcpy.o)
                              obj/vendor/sd-reader_source_20090330-teensy/fat.o (memcpy)
/usr/local/CrossPack-AVR-20100115/lib/gcc/avr/4.3.3/../../../../avr/lib/avr5/libc.a(memset.o)
                              obj/apps/shell/shell.o (memset)
/usr/local/CrossPack-AVR-20100115/lib/gcc/avr/4.3.3/../../../../avr/lib/avr5/libc.a(strchr.o)
                              obj/vendor/sd-reader_source_20090330-teensy/fat.o (strchr)
/usr/local/CrossPack-AVR-20100115/lib/gcc/avr/4.3.3/../../../../avr/lib/avr5/libc.a(strcmp.o)
                              obj/apps/shell/shell.o (strcmp)
/usr/local/CrossPack-AVR-20100115/lib/gcc/avr/4.3.3/../../../../avr/lib/avr5/libc.a(strncmp.o)
                              obj/audio/wavparser.o (strncmp)
/usr/local/CrossPack-AVR-20100115/lib/gcc/avr/4.3.3/../../../../avr/lib/avr5/libc.a(strncpy.o)
                              obj/vendor/sd-reader_source_20090330-teensy/fat.o (strncpy)
/usr/local/CrossPack-AVR-20100115/lib/gcc/avr/4.3.3/../../../../avr/lib/avr5/libc.a(strrchr.o)
                              obj/vendor/sd-reader_source_20090330-teensy/fat.o (strrchr)
/usr/local/CrossPack-AVR-20100115/lib/gcc/avr/4.3.3/../../../../avr/lib/avr5/libc.a(fgetc.o)
                              obj/apps/shell/uart.o (fgetc)
/usr/local/CrossPack-AVR-20100115/lib/gcc/avr/4.3.3/../../../../avr/lib/avr5/libc.a(fputc.o)
                              obj/apps/shell/uart.o (fputc)
/usr/local/CrossPack-AVR-20100115/lib/gcc/avr/4.3.3/../../../../avr/lib/avr5/libc.a(iob.o)
                              obj/apps/shell/shell.o (__iob)
/usr/local/CrossPack-AVR-20100115/lib/gcc/avr/4.3.3/../../../../avr/lib/avr5/libc.a(printf_p.o)
                              obj/apps/shell/shell.o (printf_P)
/usr/local/CrossPack-AVR-20100115/lib/gcc/avr/4.3.3/../../../../avr/lib/avr5/libc.a(putchar.o)
                              obj/apps/shell/shell.o (putchar)
/usr/local/CrossPack-AVR-20100115/lib/gcc/avr/4.3.3/../../../../avr/lib/avr5/libc.a(vfprintf_std.o)
                              /usr/local/CrossPack-AVR-20100115/lib/gcc/avr/4.3.3/../../../../avr/lib/avr5/libc.a(printf_p.o) (vfprintf)
/usr/local/CrossPack-AVR-20100115/lib/gcc/avr/4.3.3/../../../../avr/lib/avr5/libc.a(strnlen_P.o)
                              /usr/local/CrossPack-AVR-20100115/lib/gcc/avr/4.3.3/../../../../avr/lib/avr5/libc.a(vfprintf_std.o) (strnlen_P)
/usr/local/CrossPack-AVR-20100115/lib/gcc/avr/4.3.3/../../../../avr/lib/avr5/libc.a(strnlen.o)
                              /usr/local/CrossPack-AVR-20100115/lib/gcc/avr/4.3.3/../../../../avr/lib/avr5/libc.a(vfprintf_std.o) (strnlen)
/usr/local/CrossPack-AVR-20100115/lib/gcc/avr/4.3.3/../../../../avr/lib/avr5/libc.a(ultoa_invert.o)
                              /usr/local/CrossPack-AVR-20100115/lib/gcc/avr/4.3.3/../../../../avr/lib/avr5/libc.a(vfprintf_std.o) (__ultoa_invert)
/usr/local/CrossPack-AVR-20100115/lib/gcc/avr/4.3.3/avr5/libgcc.a(_prologue.o)
                              /usr/local/CrossPack-AVR-20100115/lib/gcc/avr/4.3.3/../../../../avr/lib/avr5/libc.a(printf_p.o) (__prologue_saves__)
/usr/local/CrossPack-AVR-20100115/lib/gcc/avr/4.3.3/avr5/libgcc.a(_epilogue.o)
                              /usr/local/CrossPack-AVR-20100115/lib/gcc/avr/4.3.3/../../../../avr/lib/avr5/libc.a(printf_p.o) (__epilogue_restores__)

Allocating common symbols
Common symbol       size              file

scratch             0x40              obj/audio/player.o
buffer_full_flag    0x1               obj/audio/adc.o
player              0x6               obj/audio/player.o
dac_buffer_pool     0x8               obj/audio/dac.o
adc_buffer_pool     0x8               obj/audio/adc.o
pcm_buffer          0x400             obj/audio/buffer.o
empty_buffer_flag   0x1               obj/audio/dac.o
__iob               0x6               /usr/local/CrossPack-AVR-20100115/lib/gcc/avr/4.3.3/../../../../avr/lib/avr5/libc.a(iob.o)

Memory Configuration

Name             Origin             Length             Attributes
text             0x00000000         0x00020000         xr
data             0x00800060         0x0000ffa0         rw !x
eeprom           0x00810000         0x00010000         rw !x
fuse             0x00820000         0x00000400         rw !x
lock             0x00830000         0x00000400         rw !x
signature        0x00840000         0x00000400         rw !x
*default*        0x00000000         0xffffffff

Linker script and memory map

Address of section .data set to 0x800100
LOAD /usr/local/CrossPack-AVR-20100115/lib/gcc/avr/4.3.3/../../../../avr/lib/avr5/crtm32u4.o
LOAD obj/apps/shell/shell.o
LOAD obj/apps/shell/uart.o
LOAD obj/utils/main.o
LOAD obj/utils/delay.o
LOAD obj/audio/adc.o
LOAD obj/audio/buffer.o
LOAD obj/audio/dac.o
LOAD obj/audio/interrupts.o
LOAD obj/audio/player.o
LOAD obj/audio/wavparser.o
LOAD obj/vendor/LUFA_091223/LUFA/Drivers/Peripheral/SerialStream.o
LOAD obj/vendor/sd-reader_source_20090330-teensy/byteordering.o
LOAD obj/vendor/sd-reader_source_20090330-teensy/fat.o
LOAD obj/vendor/sd-reader_source_20090330-teensy/partition.o
LOAD obj/vendor/sd-reader_source_20090330-teensy/sd_raw.o
LOAD /usr/local/CrossPack-AVR-20100115/lib/gcc/avr/4.3.3/../../../../avr/lib/avr5/libm.a
LOAD /usr/local/CrossPack-AVR-20100115/lib/gcc/avr/4.3.3/avr5/libgcc.a
LOAD /usr/local/CrossPack-AVR-20100115/lib/gcc/avr/4.3.3/../../../../avr/lib/avr5/libc.a
LOAD /usr/local/CrossPack-AVR-20100115/lib/gcc/avr/4.3.3/avr5/libgcc.a

.hash
 *(.hash)

.dynsym
 *(.dynsym)

.dynstr
 *(.dynstr)

.gnu.version
 *(.gnu.version)

.gnu.version_d
 *(.gnu.version_d)

.gnu.version_r
 *(.gnu.version_r)

.rel.init
 *(.rel.init)

.rela.init
 *(.rela.init)

.rel.text
 *(.rel.text)
 *(.rel.text.*)
 *(.rel.gnu.linkonce.t*)

.rela.text
 *(.rela.text)
 *(.rela.text.*)
 *(.rela.gnu.linkonce.t*)

.rel.fini
 *(.rel.fini)

.rela.fini
 *(.rela.fini)

.rel.rodata
 *(.rel.rodata)
 *(.rel.rodata.*)
 *(.rel.gnu.linkonce.r*)

.rela.rodata
 *(.rela.rodata)
 *(.rela.rodata.*)
 *(.rela.gnu.linkonce.r*)

.rel.data
 *(.rel.data)
 *(.rel.data.*)
 *(.rel.gnu.linkonce.d*)

.rela.data
 *(.rela.data)
 *(.rela.data.*)
 *(.rela.gnu.linkonce.d*)

.rel.ctors
 *(.rel.ctors)

.rela.ctors
 *(.rela.ctors)

.rel.dtors
 *(.rel.dtors)

.rela.dtors
 *(.rela.dtors)

.rel.got
 *(.rel.got)

.rela.got
 *(.rela.got)

.rel.bss
 *(.rel.bss)

.rela.bss
 *(.rela.bss)

.rel.plt
 *(.rel.plt)

.rela.plt
 *(.rela.plt)

.text           0x00000000     0x5240
 *(.vectors)
 .vectors       0x00000000       0xac /usr/local/CrossPack-AVR-20100115/lib/gcc/avr/4.3.3/../../../../avr/lib/avr5/crtm32u4.o
                0x00000000                __vectors
                0x00000000                __vector_default
 *(.vectors)
 *(.progmem.gcc*)
 *(.progmem*)
 .progmem.data  0x000000ac      0x21f obj/apps/shell/shell.o
 .progmem.data  0x000002cb       0x16 obj/audio/player.o
                0x000002e2                . = ALIGN (0x2)
 *fill*         0x000002e1        0x1 00
                0x000002e2                __trampolines_start = .
 *(.trampolines)
 .trampolines   0x000002e2        0x0 linker stubs
 *(.trampolines*)
                0x000002e2                __trampolines_end = .
 *(.jumptables)
 *(.jumptables*)
 *(.lowtext)
 *(.lowtext*)
                0x000002e2                __ctors_start = .
 *(.ctors)
                0x000002e2                __ctors_end = .
                0x000002e2                __dtors_start = .
 *(.dtors)
                0x000002e2                __dtors_end = .
 SORT(*)(.ctors)
 SORT(*)(.dtors)
 *(.init0)
 .init0         0x000002e2        0x0 /usr/local/CrossPack-AVR-20100115/lib/gcc/avr/4.3.3/../../../../avr/lib/avr5/crtm32u4.o
                0x000002e2                __init
 *(.init0)
 *(.init1)
 *(.init1)
 *(.init2)
 .init2         0x000002e2        0xc /usr/local/CrossPack-AVR-20100115/lib/gcc/avr/4.3.3/../../../../avr/lib/avr5/crtm32u4.o
 *(.init2)
 *(.init3)
 *(.init3)
 *(.init4)
 .init4         0x000002ee       0x16 /usr/local/CrossPack-AVR-20100115/lib/gcc/avr/4.3.3/avr5/libgcc.a(_copy_data.o)
                0x000002ee                __do_copy_data
 .init4         0x00000304       0x10 /usr/local/CrossPack-AVR-20100115/lib/gcc/avr/4.3.3/avr5/libgcc.a(_clear_bss.o)
                0x00000304                __do_clear_bss
 *(.init4)
 *(.init5)
 *(.init5)
 *(.init6)
 *(.init6)
 *(.init7)
 *(.init7)
 *(.init8)
 *(.init8)
 *(.init9)
 .init9         0x00000314        0x8 /usr/local/CrossPack-AVR-20100115/lib/gcc/avr/4.3.3/../../../../avr/lib/avr5/crtm32u4.o
 *(.init9)
 *(.text)
 .text          0x0000031c        0x4 /usr/local/CrossPack-AVR-20100115/lib/gcc/avr/4.3.3/../../../../avr/lib/avr5/crtm32u4.o
                0x0000031c                __vector_38
                0x0000031c                __vector_28
                0x0000031c                __vector_1
                0x0000031c                __vector_32
                0x0000031c                __vector_34
                0x0000031c                __vector_24
                0x0000031c                __vector_12
                0x0000031c                __bad_interrupt
                0x0000031c                __vector_6
                0x0000031c                __vector_31
                0x0000031c                __vector_35
                0x0000031c                __vector_39
                0x0000031c                __vector_3
                0x0000031c                __vector_23
                0x0000031c                __vector_30
                0x0000031c                __vector_25
                0x0000031c                __vector_11
                0x0000031c                __vector_13
                0x0000031c                __vector_17
                0x0000031c                __vector_19
                0x0000031c                __vector_7
                0x0000031c                __vector_41
                0x0000031c                __vector_27
                0x0000031c                __vector_5
                0x0000031c                __vector_33
                0x0000031c                __vector_37
                0x0000031c                __vector_4
                0x0000031c                __vector_9
                0x0000031c                __vector_2
                0x0000031c                __vector_15
                0x0000031c                __vector_36
                0x0000031c                __vector_29
                0x0000031c                __vector_40
                0x0000031c                __vector_8
                0x0000031c                __vector_26
                0x0000031c                __vector_14
                0x0000031c                __vector_10
                0x0000031c                __vector_16
                0x0000031c                __vector_18
                0x0000031c                __vector_20
                0x0000031c                __vector_42
 .text          0x00000320      0x902 obj/apps/shell/shell.o
                0x0000050c                application_main
                0x00000482                play_file
                0x00000c18                buffer_event
                0x00000452                shell_player_eof
 .text          0x00000c22      0x22e obj/apps/shell/uart.o
                0x00000c90                uart_putdw_dec
                0x00000dde                uart_putc_hex
                0x00000c76                uart_puts
                0x00000c5a                uart_puts_p
                0x00000c22                uart_init
                0x00000d62                uart_putw_dec
                0x00000c24                uart_getc
                0x00000e2a                uart_putdw_hex
                0x00000c38                uart_putc
                0x00000e16                uart_putw_hex
 .text          0x00000e50       0x60 obj/utils/main.o
                0x00000e50                basic_setup
                0x00000e7c                main
 .text          0x00000eb0       0x26 obj/utils/delay.o
                0x00000ec4                delay_us
                0x00000eb0                delay_ms
 .text          0x00000ed6      0x1b6 obj/audio/adc.o
                0x00000f94                adc_stop
                0x00000fb0                adc_start
                0x00000ed6                adc_pause
                0x00001048                adc_init
                0x00000eee                adc_timer_handler
                0x00000ee2                adc_resume
 .text          0x0000108c        0x0 obj/audio/buffer.o
 .text          0x0000108c      0x1de obj/audio/dac.o
                0x0000108c                dac_pause
                0x000010a4                dac_timer_handler
                0x00001098                dac_resume
                0x0000120c                dac_init
                0x00001174                dac_start
                0x00001158                dac_stop
 .text          0x0000126a       0xc4 obj/audio/interrupts.o
                0x000012d0                __vector_22
                0x000012c6                set_buffer_event_handler
                0x0000126a                set_sample_timer_handler
                0x00001274                __vector_21
 .text          0x0000132e      0x440 obj/audio/player.o
                0x0000132e                buffer_refill_handler
                0x000014ee                player_resume
                0x00001510                player_start
                0x000014fa                player_stop
                0x000014f4                player_pause
 .text          0x0000176e      0x1c6 obj/audio/wavparser.o
                0x0000176e                wavparser_parse_header
 .text          0x00001934       0x24 obj/vendor/LUFA_091223/LUFA/Drivers/Peripheral/SerialStream.o
 .text          0x00001958        0x0 obj/vendor/sd-reader_source_20090330-teensy/byteordering.o
 .text          0x00001958     0x2614 obj/vendor/sd-reader_source_20090330-teensy/fat.o
                0x00003dd2                fat_open_file
                0x00002896                fat_read_dir
                0x00003574                fat_create_file
                0x00002292                fat_reset_dir
                0x00002604                fat_get_fs_free
                0x00002ab8                fat_open
                0x000033c4                fat_create_dir
                0x0000247a                fat_delete_file
                0x00002264                fat_tell_file
                0x00001f90                fat_close_file
                0x00002286                fat_close_dir
                0x00001958                fat_close
                0x0000391c                fat_seek_file
                0x00003e4a                fat_get_dir_entry_of_path
                0x00001f9c                fat_read_file
                0x00002586                fat_get_fs_size
                0x00003d50                fat_open_dir
                0x000039d8                fat_write_file
                0x00003646                fat_resize_file
 .text          0x00003f6c      0x1c8 obj/vendor/sd-reader_source_20090330-teensy/partition.o
                0x00003f6c                partition_close
                0x00003f7c                partition_open
 .text          0x00004134      0x92c obj/vendor/sd-reader_source_20090330-teensy/sd_raw.o
                0x00004134                sd_raw_available
                0x000049aa                sd_raw_write_interval
                0x0000461c                sd_raw_read
                0x00004878                sd_raw_init
                0x00004798                sd_raw_read_interval
                0x00004202                sd_raw_get_info
                0x000045e8                sd_raw_sync
                0x00004138                sd_raw_locked
                0x0000443c                sd_raw_write
 .text          0x00004a60        0x0 /usr/local/CrossPack-AVR-20100115/lib/gcc/avr/4.3.3/avr5/libgcc.a(_mulsi3.o)
 .text          0x00004a60        0x0 /usr/local/CrossPack-AVR-20100115/lib/gcc/avr/4.3.3/avr5/libgcc.a(_udivmodhi4.o)
 .text          0x00004a60        0x0 /usr/local/CrossPack-AVR-20100115/lib/gcc/avr/4.3.3/avr5/libgcc.a(_divmodhi4.o)
 .text          0x00004a60        0x0 /usr/local/CrossPack-AVR-20100115/lib/gcc/avr/4.3.3/avr5/libgcc.a(_udivmodsi4.o)
 .text          0x00004a60        0x0 /usr/local/CrossPack-AVR-20100115/lib/gcc/avr/4.3.3/avr5/libgcc.a(_exit.o)
 .text          0x00004a60        0x0 /usr/local/CrossPack-AVR-20100115/lib/gcc/avr/4.3.3/avr5/libgcc.a(_copy_data.o)
 .text          0x00004a60        0x0 /usr/local/CrossPack-AVR-20100115/lib/gcc/avr/4.3.3/avr5/libgcc.a(_clear_bss.o)
 .text          0x00004a60        0x0 /usr/local/CrossPack-AVR-20100115/lib/gcc/avr/4.3.3/../../../../avr/lib/avr5/libc.a(strcmp_P.o)
 .text          0x00004a60        0x0 /usr/local/CrossPack-AVR-20100115/lib/gcc/avr/4.3.3/../../../../avr/lib/avr5/libc.a(strncmp_P.o)
 .text          0x00004a60        0x0 /usr/local/CrossPack-AVR-20100115/lib/gcc/avr/4.3.3/../../../../avr/lib/avr5/libc.a(memcpy.o)
 .text          0x00004a60        0x0 /usr/local/CrossPack-AVR-20100115/lib/gcc/avr/4.3.3/../../../../avr/lib/avr5/libc.a(memset.o)
 .text          0x00004a60        0x0 /usr/local/CrossPack-AVR-20100115/lib/gcc/avr/4.3.3/../../../../avr/lib/avr5/libc.a(strchr.o)
 .text          0x00004a60        0x0 /usr/local/CrossPack-AVR-20100115/lib/gcc/avr/4.3.3/../../../../avr/lib/avr5/libc.a(strcmp.o)
 .text          0x00004a60        0x0 /usr/local/CrossPack-AVR-20100115/lib/gcc/avr/4.3.3/../../../../avr/lib/avr5/libc.a(strncmp.o)
 .text          0x00004a60        0x0 /usr/local/CrossPack-AVR-20100115/lib/gcc/avr/4.3.3/../../../../avr/lib/avr5/libc.a(strncpy.o)
 .text          0x00004a60        0x0 /usr/local/CrossPack-AVR-20100115/lib/gcc/avr/4.3.3/../../../../avr/lib/avr5/libc.a(strrchr.o)
 .text          0x00004a60        0x0 /usr/local/CrossPack-AVR-20100115/lib/gcc/avr/4.3.3/../../../../avr/lib/avr5/libc.a(fgetc.o)
 .text          0x00004a60        0x0 /usr/local/CrossPack-AVR-20100115/lib/gcc/avr/4.3.3/../../../../avr/lib/avr5/libc.a(fputc.o)
 .text          0x00004a60        0x0 /usr/local/CrossPack-AVR-20100115/lib/gcc/avr/4.3.3/../../../../avr/lib/avr5/libc.a(iob.o)
 .text          0x00004a60        0x0 /usr/local/CrossPack-AVR-20100115/lib/gcc/avr/4.3.3/../../../../avr/lib/avr5/libc.a(printf_p.o)
 .text          0x00004a60        0x0 /usr/local/CrossPack-AVR-20100115/lib/gcc/avr/4.3.3/../../../../avr/lib/avr5/libc.a(putchar.o)
 .text          0x00004a60        0x0 /usr/local/CrossPack-AVR-20100115/lib/gcc/avr/4.3.3/../../../../avr/lib/avr5/libc.a(vfprintf_std.o)
 .text          0x00004a60        0x0 /usr/local/CrossPack-AVR-20100115/lib/gcc/avr/4.3.3/../../../../avr/lib/avr5/libc.a(strnlen_P.o)
 .text          0x00004a60        0x0 /usr/local/CrossPack-AVR-20100115/lib/gcc/avr/4.3.3/../../../../avr/lib/avr5/libc.a(strnlen.o)
 .text          0x00004a60        0x0 /usr/local/CrossPack-AVR-20100115/lib/gcc/avr/4.3.3/../../../../avr/lib/avr5/libc.a(ultoa_invert.o)
 .text          0x00004a60        0x0 /usr/local/CrossPack-AVR-20100115/lib/gcc/avr/4.3.3/avr5/libgcc.a(_prologue.o)
 .text          0x00004a60        0x0 /usr/local/CrossPack-AVR-20100115/lib/gcc/avr/4.3.3/avr5/libgcc.a(_epilogue.o)
                0x00004a60                . = ALIGN (0x2)
 *(.text.*)
 .text.libgcc   0x00004a60       0x3e /usr/local/CrossPack-AVR-20100115/lib/gcc/avr/4.3.3/avr5/libgcc.a(_mulsi3.o)
                0x00004a60                __mulsi3
 .text.libgcc   0x00004a9e       0x28 /usr/local/CrossPack-AVR-20100115/lib/gcc/avr/4.3.3/avr5/libgcc.a(_udivmodhi4.o)
                0x00004a9e                __udivmodhi4
 .text.libgcc   0x00004ac6       0x26 /usr/local/CrossPack-AVR-20100115/lib/gcc/avr/4.3.3/avr5/libgcc.a(_divmodhi4.o)
                0x00004ac6                __divmodhi4
                0x00004ac6                _div
 .text.libgcc   0x00004aec       0x44 /usr/local/CrossPack-AVR-20100115/lib/gcc/avr/4.3.3/avr5/libgcc.a(_udivmodsi4.o)
                0x00004aec                __udivmodsi4
 .text.libgcc   0x00004b30        0x0 /usr/local/CrossPack-AVR-20100115/lib/gcc/avr/4.3.3/avr5/libgcc.a(_exit.o)
 .text.libgcc   0x00004b30        0x0 /usr/local/CrossPack-AVR-20100115/lib/gcc/avr/4.3.3/avr5/libgcc.a(_copy_data.o)
 .text.libgcc   0x00004b30        0x0 /usr/local/CrossPack-AVR-20100115/lib/gcc/avr/4.3.3/avr5/libgcc.a(_clear_bss.o)
 .text.avr-libc
                0x00004b30       0x12 /usr/local/CrossPack-AVR-20100115/lib/gcc/avr/4.3.3/../../../../avr/lib/avr5/libc.a(strcmp_P.o)
                0x00004b30                strcmp_P
 .text.avr-libc
                0x00004b42       0x1c /usr/local/CrossPack-AVR-20100115/lib/gcc/avr/4.3.3/../../../../avr/lib/avr5/libc.a(strncmp_P.o)
                0x00004b42                strncmp_P
 .text.avr-libc
                0x00004b5e       0x12 /usr/local/CrossPack-AVR-20100115/lib/gcc/avr/4.3.3/../../../../avr/lib/avr5/libc.a(memcpy.o)
                0x00004b5e                memcpy
 .text.avr-libc
                0x00004b70        0xe /usr/local/CrossPack-AVR-20100115/lib/gcc/avr/4.3.3/../../../../avr/lib/avr5/libc.a(memset.o)
                0x00004b70                memset
 .text.avr-libc
                0x00004b7e       0x16 /usr/local/CrossPack-AVR-20100115/lib/gcc/avr/4.3.3/../../../../avr/lib/avr5/libc.a(strchr.o)
                0x00004b7e                strchr
 .text.avr-libc
                0x00004b94       0x12 /usr/local/CrossPack-AVR-20100115/lib/gcc/avr/4.3.3/../../../../avr/lib/avr5/libc.a(strcmp.o)
                0x00004b94                strcmp
 .text.avr-libc
                0x00004ba6       0x1c /usr/local/CrossPack-AVR-20100115/lib/gcc/avr/4.3.3/../../../../avr/lib/avr5/libc.a(strncmp.o)
                0x00004ba6                strncmp
 .text.avr-libc
                0x00004bc2       0x1e /usr/local/CrossPack-AVR-20100115/lib/gcc/avr/4.3.3/../../../../avr/lib/avr5/libc.a(strncpy.o)
                0x00004bc2                strncpy
 .text.avr-libc
                0x00004be0       0x16 /usr/local/CrossPack-AVR-20100115/lib/gcc/avr/4.3.3/../../../../avr/lib/avr5/libc.a(strrchr.o)
                0x00004be0                strrchr
 .text.avr-libc
                0x00004bf6       0x84 /usr/local/CrossPack-AVR-20100115/lib/gcc/avr/4.3.3/../../../../avr/lib/avr5/libc.a(fgetc.o)
                0x00004bf6                fgetc
 .text.avr-libc
                0x00004c7a       0x58 /usr/local/CrossPack-AVR-20100115/lib/gcc/avr/4.3.3/../../../../avr/lib/avr5/libc.a(fputc.o)
                0x00004c7a                fputc
 .text.avr-libc
                0x00004cd2       0x4c /usr/local/CrossPack-AVR-20100115/lib/gcc/avr/4.3.3/../../../../avr/lib/avr5/libc.a(printf_p.o)
                0x00004cd2                printf_P
 .text.avr-libc
                0x00004d1e        0xe /usr/local/CrossPack-AVR-20100115/lib/gcc/avr/4.3.3/../../../../avr/lib/avr5/libc.a(putchar.o)
                0x00004d1e                putchar
 .text.avr-libc
                0x00004d2c      0x3ba /usr/local/CrossPack-AVR-20100115/lib/gcc/avr/4.3.3/../../../../avr/lib/avr5/libc.a(vfprintf_std.o)
                0x00004d2c                vfprintf
 .text.avr-libc
                0x000050e6       0x16 /usr/local/CrossPack-AVR-20100115/lib/gcc/avr/4.3.3/../../../../avr/lib/avr5/libc.a(strnlen_P.o)
                0x000050e6                strnlen_P
 .text.avr-libc
                0x000050fc       0x16 /usr/local/CrossPack-AVR-20100115/lib/gcc/avr/4.3.3/../../../../avr/lib/avr5/libc.a(strnlen.o)
                0x000050fc                strnlen
 .text.avr-libc
                0x00005112       0xbc /usr/local/CrossPack-AVR-20100115/lib/gcc/avr/4.3.3/../../../../avr/lib/avr5/libc.a(ultoa_invert.o)
                0x00005112                __ultoa_invert
 .text.libgcc   0x000051ce       0x38 /usr/local/CrossPack-AVR-20100115/lib/gcc/avr/4.3.3/avr5/libgcc.a(_prologue.o)
                0x000051ce                __prologue_saves__
 .text.libgcc   0x00005206       0x36 /usr/local/CrossPack-AVR-20100115/lib/gcc/avr/4.3.3/avr5/libgcc.a(_epilogue.o)
                0x00005206                __epilogue_restores__
                0x0000523c                . = ALIGN (0x2)
 *(.fini9)
 .fini9         0x0000523c        0x0 /usr/local/CrossPack-AVR-20100115/lib/gcc/avr/4.3.3/avr5/libgcc.a(_exit.o)
                0x0000523c                exit
                0x0000523c                _exit
 *(.fini9)
 *(.fini8)
 *(.fini8)
 *(.fini7)
 *(.fini7)
 *(.fini6)
 *(.fini6)
 *(.fini5)
 *(.fini5)
 *(.fini4)
 *(.fini4)
 *(.fini3)
 *(.fini3)
 *(.fini2)
 *(.fini2)
 *(.fini1)
 *(.fini1)
 *(.fini0)
 .fini0         0x0000523c        0x4 /usr/local/CrossPack-AVR-20100115/lib/gcc/avr/4.3.3/avr5/libgcc.a(_exit.o)
 *(.fini0)
                0x00005240                _etext = .

.data           0x00800100       0x32 load address 0x00005240
                0x00800100                PROVIDE (__data_start, .)
 *(.data)
 .data          0x00800100        0x0 /usr/local/CrossPack-AVR-20100115/lib/gcc/avr/4.3.3/../../../../avr/lib/avr5/crtm32u4.o
 .data          0x00800100        0x2 obj/apps/shell/shell.o
 .data          0x00800102        0x0 obj/apps/shell/uart.o
 .data          0x00800102        0x0 obj/utils/main.o
 .data          0x00800102        0x0 obj/utils/delay.o
 .data          0x00800102        0x0 obj/audio/adc.o
 .data          0x00800102        0x0 obj/audio/buffer.o
 .data          0x00800102        0x0 obj/audio/dac.o
 .data          0x00800102        0x0 obj/audio/interrupts.o
 .data          0x00800102        0x0 obj/audio/player.o
 .data          0x00800102       0x14 obj/audio/wavparser.o
 .data          0x00800116        0xe obj/vendor/LUFA_091223/LUFA/Drivers/Peripheral/SerialStream.o
                0x00800116                USARTStream
 .data          0x00800124        0x0 obj/vendor/sd-reader_source_20090330-teensy/byteordering.o
 .data          0x00800124        0xd obj/vendor/sd-reader_source_20090330-teensy/fat.o
 .data          0x00800131        0x0 obj/vendor/sd-reader_source_20090330-teensy/partition.o
 .data          0x00800131        0x0 obj/vendor/sd-reader_source_20090330-teensy/sd_raw.o
 .data          0x00800131        0x0 /usr/local/CrossPack-AVR-20100115/lib/gcc/avr/4.3.3/avr5/libgcc.a(_mulsi3.o)
 .data          0x00800131        0x0 /usr/local/CrossPack-AVR-20100115/lib/gcc/avr/4.3.3/avr5/libgcc.a(_udivmodhi4.o)
 .data          0x00800131        0x0 /usr/local/CrossPack-AVR-20100115/lib/gcc/avr/4.3.3/avr5/libgcc.a(_divmodhi4.o)
 .data          0x00800131        0x0 /usr/local/CrossPack-AVR-20100115/lib/gcc/avr/4.3.3/avr5/libgcc.a(_udivmodsi4.o)
 .data          0x00800131        0x0 /usr/local/CrossPack-AVR-20100115/lib/gcc/avr/4.3.3/avr5/libgcc.a(_exit.o)
 .data          0x00800131        0x0 /usr/local/CrossPack-AVR-20100115/lib/gcc/avr/4.3.3/avr5/libgcc.a(_copy_data.o)
 .data          0x00800131        0x0 /usr/local/CrossPack-AVR-20100115/lib/gcc/avr/4.3.3/avr5/libgcc.a(_clear_bss.o)
 .data          0x00800131        0x0 /usr/local/CrossPack-AVR-20100115/lib/gcc/avr/4.3.3/../../../../avr/lib/avr5/libc.a(strcmp_P.o)
 .data          0x00800131        0x0 /usr/local/CrossPack-AVR-20100115/lib/gcc/avr/4.3.3/../../../../avr/lib/avr5/libc.a(strncmp_P.o)
 .data          0x00800131        0x0 /usr/local/CrossPack-AVR-20100115/lib/gcc/avr/4.3.3/../../../../avr/lib/avr5/libc.a(memcpy.o)
 .data          0x00800131        0x0 /usr/local/CrossPack-AVR-20100115/lib/gcc/avr/4.3.3/../../../../avr/lib/avr5/libc.a(memset.o)
 .data          0x00800131        0x0 /usr/local/CrossPack-AVR-20100115/lib/gcc/avr/4.3.3/../../../../avr/lib/avr5/libc.a(strchr.o)
 .data          0x00800131        0x0 /usr/local/CrossPack-AVR-20100115/lib/gcc/avr/4.3.3/../../../../avr/lib/avr5/libc.a(strcmp.o)
 .data          0x00800131        0x0 /usr/local/CrossPack-AVR-20100115/lib/gcc/avr/4.3.3/../../../../avr/lib/avr5/libc.a(strncmp.o)
 .data          0x00800131        0x0 /usr/local/CrossPack-AVR-20100115/lib/gcc/avr/4.3.3/../../../../avr/lib/avr5/libc.a(strncpy.o)
 .data          0x00800131        0x0 /usr/local/CrossPack-AVR-20100115/lib/gcc/avr/4.3.3/../../../../avr/lib/avr5/libc.a(strrchr.o)
 .data          0x00800131        0x0 /usr/local/CrossPack-AVR-20100115/lib/gcc/avr/4.3.3/../../../../avr/lib/avr5/libc.a(fgetc.o)
 .data          0x00800131        0x0 /usr/local/CrossPack-AVR-20100115/lib/gcc/avr/4.3.3/../../../../avr/lib/avr5/libc.a(fputc.o)
 .data          0x00800131        0x0 /usr/local/CrossPack-AVR-20100115/lib/gcc/avr/4.3.3/../../../../avr/lib/avr5/libc.a(iob.o)
 .data          0x00800131        0x0 /usr/local/CrossPack-AVR-20100115/lib/gcc/avr/4.3.3/../../../../avr/lib/avr5/libc.a(printf_p.o)
 .data          0x00800131        0x0 /usr/local/CrossPack-AVR-20100115/lib/gcc/avr/4.3.3/../../../../avr/lib/avr5/libc.a(putchar.o)
 .data          0x00800131        0x0 /usr/local/CrossPack-AVR-20100115/lib/gcc/avr/4.3.3/../../../../avr/lib/avr5/libc.a(vfprintf_std.o)
 .data          0x00800131        0x0 /usr/local/CrossPack-AVR-20100115/lib/gcc/avr/4.3.3/../../../../avr/lib/avr5/libc.a(strnlen_P.o)
 .data          0x00800131        0x0 /usr/local/CrossPack-AVR-20100115/lib/gcc/avr/4.3.3/../../../../avr/lib/avr5/libc.a(strnlen.o)
 .data          0x00800131        0x0 /usr/local/CrossPack-AVR-20100115/lib/gcc/avr/4.3.3/../../../../avr/lib/avr5/libc.a(ultoa_invert.o)
 .data          0x00800131        0x0 /usr/local/CrossPack-AVR-20100115/lib/gcc/avr/4.3.3/avr5/libgcc.a(_prologue.o)
 .data          0x00800131        0x0 /usr/local/CrossPack-AVR-20100115/lib/gcc/avr/4.3.3/avr5/libgcc.a(_epilogue.o)
 *(.data*)
 *(.rodata)
 *(.rodata*)
 *(.gnu.linkonce.d*)
                0x00800132                . = ALIGN (0x2)
 *fill*         0x00800131        0x1 00
                0x00800132                _edata = .
                0x00800132                PROVIDE (__data_end, .)

.bss            0x00800132      0x74a
                0x00800132                PROVIDE (__bss_start, .)
 *(.bss)
 .bss           0x00800132        0x0 /usr/local/CrossPack-AVR-20100115/lib/gcc/avr/4.3.3/../../../../avr/lib/avr5/crtm32u4.o
 .bss           0x00800132        0x3 obj/apps/shell/shell.o
 .bss           0x00800135        0x0 obj/apps/shell/uart.o
 .bss           0x00800135        0x0 obj/utils/main.o
 .bss           0x00800135        0x0 obj/utils/delay.o
 .bss           0x00800135        0x7 obj/audio/adc.o
 .bss           0x0080013c        0x0 obj/audio/buffer.o
 .bss           0x0080013c        0x8 obj/audio/dac.o
 .bss           0x00800144        0x4 obj/audio/interrupts.o
                0x00800146                buffer_event_handler
                0x00800144                sample_timer_handler
 .bss           0x00800148        0x0 obj/audio/player.o
 .bss           0x00800148        0x0 obj/audio/wavparser.o
 .bss           0x00800148        0x0 obj/vendor/LUFA_091223/LUFA/Drivers/Peripheral/SerialStream.o
 .bss           0x00800148        0x0 obj/vendor/sd-reader_source_20090330-teensy/byteordering.o
 .bss           0x00800148       0xbf obj/vendor/sd-reader_source_20090330-teensy/fat.o
 .bss           0x00800207       0x11 obj/vendor/sd-reader_source_20090330-teensy/partition.o
 .bss           0x00800218      0x206 obj/vendor/sd-reader_source_20090330-teensy/sd_raw.o
 .bss           0x0080041e        0x0 /usr/local/CrossPack-AVR-20100115/lib/gcc/avr/4.3.3/avr5/libgcc.a(_mulsi3.o)
 .bss           0x0080041e        0x0 /usr/local/CrossPack-AVR-20100115/lib/gcc/avr/4.3.3/avr5/libgcc.a(_udivmodhi4.o)
 .bss           0x0080041e        0x0 /usr/local/CrossPack-AVR-20100115/lib/gcc/avr/4.3.3/avr5/libgcc.a(_divmodhi4.o)
 .bss           0x0080041e        0x0 /usr/local/CrossPack-AVR-20100115/lib/gcc/avr/4.3.3/avr5/libgcc.a(_udivmodsi4.o)
 .bss           0x0080041e        0x0 /usr/local/CrossPack-AVR-20100115/lib/gcc/avr/4.3.3/avr5/libgcc.a(_exit.o)
 .bss           0x0080041e        0x0 /usr/local/CrossPack-AVR-20100115/lib/gcc/avr/4.3.3/avr5/libgcc.a(_copy_data.o)
 .bss           0x0080041e        0x0 /usr/local/CrossPack-AVR-20100115/lib/gcc/avr/4.3.3/avr5/libgcc.a(_clear_bss.o)
 .bss           0x0080041e        0x0 /usr/local/CrossPack-AVR-20100115/lib/gcc/avr/4.3.3/../../../../avr/lib/avr5/libc.a(strcmp_P.o)
 .bss           0x0080041e        0x0 /usr/local/CrossPack-AVR-20100115/lib/gcc/avr/4.3.3/../../../../avr/lib/avr5/libc.a(strncmp_P.o)
 .bss           0x0080041e        0x0 /usr/local/CrossPack-AVR-20100115/lib/gcc/avr/4.3.3/../../../../avr/lib/avr5/libc.a(memcpy.o)
 .bss           0x0080041e        0x0 /usr/local/CrossPack-AVR-20100115/lib/gcc/avr/4.3.3/../../../../avr/lib/avr5/libc.a(memset.o)
 .bss           0x0080041e        0x0 /usr/local/CrossPack-AVR-20100115/lib/gcc/avr/4.3.3/../../../../avr/lib/avr5/libc.a(strchr.o)
 .bss           0x0080041e        0x0 /usr/local/CrossPack-AVR-20100115/lib/gcc/avr/4.3.3/../../../../avr/lib/avr5/libc.a(strcmp.o)
 .bss           0x0080041e        0x0 /usr/local/CrossPack-AVR-20100115/lib/gcc/avr/4.3.3/../../../../avr/lib/avr5/libc.a(strncmp.o)
 .bss           0x0080041e        0x0 /usr/local/CrossPack-AVR-20100115/lib/gcc/avr/4.3.3/../../../../avr/lib/avr5/libc.a(strncpy.o)
 .bss           0x0080041e        0x0 /usr/local/CrossPack-AVR-20100115/lib/gcc/avr/4.3.3/../../../../avr/lib/avr5/libc.a(strrchr.o)
 .bss           0x0080041e        0x0 /usr/local/CrossPack-AVR-20100115/lib/gcc/avr/4.3.3/../../../../avr/lib/avr5/libc.a(fgetc.o)
 .bss           0x0080041e        0x0 /usr/local/CrossPack-AVR-20100115/lib/gcc/avr/4.3.3/../../../../avr/lib/avr5/libc.a(fputc.o)
 .bss           0x0080041e        0x0 /usr/local/CrossPack-AVR-20100115/lib/gcc/avr/4.3.3/../../../../avr/lib/avr5/libc.a(iob.o)
 .bss           0x0080041e        0x0 /usr/local/CrossPack-AVR-20100115/lib/gcc/avr/4.3.3/../../../../avr/lib/avr5/libc.a(printf_p.o)
 .bss           0x0080041e        0x0 /usr/local/CrossPack-AVR-20100115/lib/gcc/avr/4.3.3/../../../../avr/lib/avr5/libc.a(putchar.o)
 .bss           0x0080041e        0x0 /usr/local/CrossPack-AVR-20100115/lib/gcc/avr/4.3.3/../../../../avr/lib/avr5/libc.a(vfprintf_std.o)
 .bss           0x0080041e        0x0 /usr/local/CrossPack-AVR-20100115/lib/gcc/avr/4.3.3/../../../../avr/lib/avr5/libc.a(strnlen_P.o)
 .bss           0x0080041e        0x0 /usr/local/CrossPack-AVR-20100115/lib/gcc/avr/4.3.3/../../../../avr/lib/avr5/libc.a(strnlen.o)
 .bss           0x0080041e        0x0 /usr/local/CrossPack-AVR-20100115/lib/gcc/avr/4.3.3/../../../../avr/lib/avr5/libc.a(ultoa_invert.o)
 .bss           0x0080041e        0x0 /usr/local/CrossPack-AVR-20100115/lib/gcc/avr/4.3.3/avr5/libgcc.a(_prologue.o)
 .bss           0x0080041e        0x0 /usr/local/CrossPack-AVR-20100115/lib/gcc/avr/4.3.3/avr5/libgcc.a(_epilogue.o)
 *(.bss*)
 *(COMMON)
 COMMON         0x0080041e        0x9 obj/audio/adc.o
                0x0080041e                buffer_full_flag
                0x0080041f                adc_buffer_pool
 COMMON         0x00800427      0x400 obj/audio/buffer.o
                0x00800427                pcm_buffer
 COMMON         0x00800827        0x9 obj/audio/dac.o
                0x00800827                dac_buffer_pool
                0x0080082f                empty_buffer_flag
 COMMON         0x00800830       0x46 obj/audio/player.o
                0x00800830                scratch
                0x00800870                player
 COMMON         0x00800876        0x6 /usr/local/CrossPack-AVR-20100115/lib/gcc/avr/4.3.3/../../../../avr/lib/avr5/libc.a(iob.o)
                0x00800876                __iob
                0x0080087c                PROVIDE (__bss_end, .)
                0x00005240                __data_load_start = LOADADDR (.data)
                0x00005272                __data_load_end = (__data_load_start + SIZEOF (.data))

.noinit         0x0080087c        0x0
                0x0080087c                PROVIDE (__noinit_start, .)
 *(.noinit*)
                0x0080087c                PROVIDE (__noinit_end, .)
                0x0080087c                _end = .
                0x0080087c                PROVIDE (__heap_start, .)

.eeprom         0x00810000        0x0
 *(.eeprom*)
                0x00810000                __eeprom_end = .

.fuse
 *(.fuse)
 *(.lfuse)
 *(.hfuse)
 *(.efuse)

.lock
 *(.lock*)

.signature
 *(.signature*)

.stab           0x00000000     0x11e8
 *(.stab)
 .stab          0x00000000      0x6b4 /usr/local/CrossPack-AVR-20100115/lib/gcc/avr/4.3.3/../../../../avr/lib/avr5/crtm32u4.o
 .stab          0x000006b4       0x84 /usr/local/CrossPack-AVR-20100115/lib/gcc/avr/4.3.3/../../../../avr/lib/avr5/libc.a(strcmp_P.o)
                                 0x90 (size before relaxing)
 .stab          0x00000738       0xc0 /usr/local/CrossPack-AVR-20100115/lib/gcc/avr/4.3.3/../../../../avr/lib/avr5/libc.a(strncmp_P.o)
                                 0xcc (size before relaxing)
 .stab          0x000007f8       0x84 /usr/local/CrossPack-AVR-20100115/lib/gcc/avr/4.3.3/../../../../avr/lib/avr5/libc.a(memcpy.o)
                                 0x90 (size before relaxing)
 .stab          0x0000087c       0x6c /usr/local/CrossPack-AVR-20100115/lib/gcc/avr/4.3.3/../../../../avr/lib/avr5/libc.a(memset.o)
                                 0x78 (size before relaxing)
 .stab          0x000008e8       0x9c /usr/local/CrossPack-AVR-20100115/lib/gcc/avr/4.3.3/../../../../avr/lib/avr5/libc.a(strchr.o)
                                 0xa8 (size before relaxing)
 .stab          0x00000984       0x84 /usr/local/CrossPack-AVR-20100115/lib/gcc/avr/4.3.3/../../../../avr/lib/avr5/libc.a(strcmp.o)
                                 0x90 (size before relaxing)
 .stab          0x00000a08       0xc0 /usr/local/CrossPack-AVR-20100115/lib/gcc/avr/4.3.3/../../../../avr/lib/avr5/libc.a(strncmp.o)
                                 0xcc (size before relaxing)
 .stab          0x00000ac8       0xcc /usr/local/CrossPack-AVR-20100115/lib/gcc/avr/4.3.3/../../../../avr/lib/avr5/libc.a(strncpy.o)
                                 0xd8 (size before relaxing)
 .stab          0x00000b94       0x9c /usr/local/CrossPack-AVR-20100115/lib/gcc/avr/4.3.3/../../../../avr/lib/avr5/libc.a(strrchr.o)
                                 0xa8 (size before relaxing)
 .stab          0x00000c30       0x9c /usr/local/CrossPack-AVR-20100115/lib/gcc/avr/4.3.3/../../../../avr/lib/avr5/libc.a(strnlen_P.o)
                                 0xa8 (size before relaxing)
 .stab          0x00000ccc       0x9c /usr/local/CrossPack-AVR-20100115/lib/gcc/avr/4.3.3/../../../../avr/lib/avr5/libc.a(strnlen.o)
                                 0xa8 (size before relaxing)
 .stab          0x00000d68      0x480 /usr/local/CrossPack-AVR-20100115/lib/gcc/avr/4.3.3/../../../../avr/lib/avr5/libc.a(ultoa_invert.o)
                                0x48c (size before relaxing)

.stabstr        0x00000000      0x4e9
 *(.stabstr)
 .stabstr       0x00000000      0x4e9 /usr/local/CrossPack-AVR-20100115/lib/gcc/avr/4.3.3/../../../../avr/lib/avr5/crtm32u4.o

.stab.excl
 *(.stab.excl)

.stab.exclstr
 *(.stab.exclstr)

.stab.index
 *(.stab.index)

.stab.indexstr
 *(.stab.indexstr)

.comment
 *(.comment)

.debug
 *(.debug)

.line
 *(.line)

.debug_srcinfo
 *(.debug_srcinfo)

.debug_sfnames
 *(.debug_sfnames)

.debug_aranges  0x00000000      0x240
 *(.debug_aranges)
 .debug_aranges
                0x00000000       0x20 obj/apps/shell/shell.o
 .debug_aranges
                0x00000020       0x20 obj/apps/shell/uart.o
 .debug_aranges
                0x00000040       0x20 obj/utils/main.o
 .debug_aranges
                0x00000060       0x20 obj/utils/delay.o
 .debug_aranges
                0x00000080       0x20 obj/audio/adc.o
 .debug_aranges
                0x000000a0       0x20 obj/audio/dac.o
 .debug_aranges
                0x000000c0       0x20 obj/audio/interrupts.o
 .debug_aranges
                0x000000e0       0x20 obj/audio/player.o
 .debug_aranges
                0x00000100       0x20 obj/audio/wavparser.o
 .debug_aranges
                0x00000120       0x20 obj/vendor/LUFA_091223/LUFA/Drivers/Peripheral/SerialStream.o
 .debug_aranges
                0x00000140       0x20 obj/vendor/sd-reader_source_20090330-teensy/fat.o
 .debug_aranges
                0x00000160       0x20 obj/vendor/sd-reader_source_20090330-teensy/partition.o
 .debug_aranges
                0x00000180       0x20 obj/vendor/sd-reader_source_20090330-teensy/sd_raw.o
 .debug_aranges
                0x000001a0       0x20 /usr/local/CrossPack-AVR-20100115/lib/gcc/avr/4.3.3/../../../../avr/lib/avr5/libc.a(fgetc.o)
 .debug_aranges
                0x000001c0       0x20 /usr/local/CrossPack-AVR-20100115/lib/gcc/avr/4.3.3/../../../../avr/lib/avr5/libc.a(fputc.o)
 .debug_aranges
                0x000001e0       0x20 /usr/local/CrossPack-AVR-20100115/lib/gcc/avr/4.3.3/../../../../avr/lib/avr5/libc.a(printf_p.o)
 .debug_aranges
                0x00000200       0x20 /usr/local/CrossPack-AVR-20100115/lib/gcc/avr/4.3.3/../../../../avr/lib/avr5/libc.a(putchar.o)
 .debug_aranges
                0x00000220       0x20 /usr/local/CrossPack-AVR-20100115/lib/gcc/avr/4.3.3/../../../../avr/lib/avr5/libc.a(vfprintf_std.o)

.debug_pubnames
                0x00000000      0x74a
 *(.debug_pubnames)
 .debug_pubnames
                0x00000000       0x5b obj/apps/shell/shell.o
 .debug_pubnames
                0x0000005b       0xb6 obj/apps/shell/uart.o
 .debug_pubnames
                0x00000111       0x2b obj/utils/main.o
 .debug_pubnames
                0x0000013c       0x2c obj/utils/delay.o
 .debug_pubnames
                0x00000168       0x96 obj/audio/adc.o
 .debug_pubnames
                0x000001fe       0x21 obj/audio/buffer.o
 .debug_pubnames
                0x0000021f       0x97 obj/audio/dac.o
 .debug_pubnames
                0x000002b6       0x9e obj/audio/interrupts.o
 .debug_pubnames
                0x00000354       0x87 obj/audio/player.o
 .debug_pubnames
                0x000003db       0x2d obj/audio/wavparser.o
 .debug_pubnames
                0x00000408       0x22 obj/vendor/LUFA_091223/LUFA/Drivers/Peripheral/SerialStream.o
 .debug_pubnames
                0x0000042a      0x176 obj/vendor/sd-reader_source_20090330-teensy/fat.o
 .debug_pubnames
                0x000005a0       0x39 obj/vendor/sd-reader_source_20090330-teensy/partition.o
 .debug_pubnames
                0x000005d9       0xc1 obj/vendor/sd-reader_source_20090330-teensy/sd_raw.o
 .debug_pubnames
                0x0000069a       0x1c /usr/local/CrossPack-AVR-20100115/lib/gcc/avr/4.3.3/../../../../avr/lib/avr5/libc.a(fgetc.o)
 .debug_pubnames
                0x000006b6       0x1c /usr/local/CrossPack-AVR-20100115/lib/gcc/avr/4.3.3/../../../../avr/lib/avr5/libc.a(fputc.o)
 .debug_pubnames
                0x000006d2       0x1c /usr/local/CrossPack-AVR-20100115/lib/gcc/avr/4.3.3/../../../../avr/lib/avr5/libc.a(iob.o)
 .debug_pubnames
                0x000006ee       0x1f /usr/local/CrossPack-AVR-20100115/lib/gcc/avr/4.3.3/../../../../avr/lib/avr5/libc.a(printf_p.o)
 .debug_pubnames
                0x0000070d       0x1e /usr/local/CrossPack-AVR-20100115/lib/gcc/avr/4.3.3/../../../../avr/lib/avr5/libc.a(putchar.o)
 .debug_pubnames
                0x0000072b       0x1f /usr/local/CrossPack-AVR-20100115/lib/gcc/avr/4.3.3/../../../../avr/lib/avr5/libc.a(vfprintf_std.o)

.debug_info     0x00000000     0x52c4
 *(.debug_info)
 .debug_info    0x00000000      0xeda obj/apps/shell/shell.o
 .debug_info    0x00000eda      0x395 obj/apps/shell/uart.o
 .debug_info    0x0000126f      0x123 obj/utils/main.o
 .debug_info    0x00001392      0x1dc obj/utils/delay.o
 .debug_info    0x0000156e      0x1fc obj/audio/adc.o
 .debug_info    0x0000176a       0x8f obj/audio/buffer.o
 .debug_info    0x000017f9      0x248 obj/audio/dac.o
 .debug_info    0x00001a41      0x113 obj/audio/interrupts.o
 .debug_info    0x00001b54      0x425 obj/audio/player.o
 .debug_info    0x00001f79      0x1b4 obj/audio/wavparser.o
 .debug_info    0x0000212d      0x216 obj/vendor/LUFA_091223/LUFA/Drivers/Peripheral/SerialStream.o
 .debug_info    0x00002343       0x5e obj/vendor/sd-reader_source_20090330-teensy/byteordering.o
 .debug_info    0x000023a1     0x1881 obj/vendor/sd-reader_source_20090330-teensy/fat.o
 .debug_info    0x00003c22      0x331 obj/vendor/sd-reader_source_20090330-teensy/partition.o
 .debug_info    0x00003f53      0x8d2 obj/vendor/sd-reader_source_20090330-teensy/sd_raw.o
 .debug_info    0x00004825      0x16b /usr/local/CrossPack-AVR-20100115/lib/gcc/avr/4.3.3/../../../../avr/lib/avr5/libc.a(fgetc.o)
 .debug_info    0x00004990      0x16a /usr/local/CrossPack-AVR-20100115/lib/gcc/avr/4.3.3/../../../../avr/lib/avr5/libc.a(fputc.o)
 .debug_info    0x00004afa      0x156 /usr/local/CrossPack-AVR-20100115/lib/gcc/avr/4.3.3/../../../../avr/lib/avr5/libc.a(iob.o)
 .debug_info    0x00004c50      0x1b4 /usr/local/CrossPack-AVR-20100115/lib/gcc/avr/4.3.3/../../../../avr/lib/avr5/libc.a(printf_p.o)
 .debug_info    0x00004e04      0x178 /usr/local/CrossPack-AVR-20100115/lib/gcc/avr/4.3.3/../../../../avr/lib/avr5/libc.a(putchar.o)
 .debug_info    0x00004f7c      0x348 /usr/local/CrossPack-AVR-20100115/lib/gcc/avr/4.3.3/../../../../avr/lib/avr5/libc.a(vfprintf_std.o)
 *(.gnu.linkonce.wi.*)

.debug_abbrev   0x00000000     0x199a
 *(.debug_abbrev)
 .debug_abbrev  0x00000000      0x2c6 obj/apps/shell/shell.o
 .debug_abbrev  0x000002c6      0x162 obj/apps/shell/uart.o
 .debug_abbrev  0x00000428       0xbe obj/utils/main.o
 .debug_abbrev  0x000004e6       0xdd obj/utils/delay.o
 .debug_abbrev  0x000005c3       0xf5 obj/audio/adc.o
 .debug_abbrev  0x000006b8       0x63 obj/audio/buffer.o
 .debug_abbrev  0x0000071b      0x12b obj/audio/dac.o
 .debug_abbrev  0x00000846       0x93 obj/audio/interrupts.o
 .debug_abbrev  0x000008d9      0x1f9 obj/audio/player.o
 .debug_abbrev  0x00000ad2       0xe9 obj/audio/wavparser.o
 .debug_abbrev  0x00000bbb      0x16d obj/vendor/LUFA_091223/LUFA/Drivers/Peripheral/SerialStream.o
 .debug_abbrev  0x00000d28       0x2a obj/vendor/sd-reader_source_20090330-teensy/byteordering.o
 .debug_abbrev  0x00000d52      0x2c7 obj/vendor/sd-reader_source_20090330-teensy/fat.o
 .debug_abbrev  0x00001019       0xec obj/vendor/sd-reader_source_20090330-teensy/partition.o
 .debug_abbrev  0x00001105      0x280 obj/vendor/sd-reader_source_20090330-teensy/sd_raw.o
 .debug_abbrev  0x00001385       0xdb /usr/local/CrossPack-AVR-20100115/lib/gcc/avr/4.3.3/../../../../avr/lib/avr5/libc.a(fgetc.o)
 .debug_abbrev  0x00001460       0xdb /usr/local/CrossPack-AVR-20100115/lib/gcc/avr/4.3.3/../../../../avr/lib/avr5/libc.a(fputc.o)
 .debug_abbrev  0x0000153b       0xd0 /usr/local/CrossPack-AVR-20100115/lib/gcc/avr/4.3.3/../../../../avr/lib/avr5/libc.a(iob.o)
 .debug_abbrev  0x0000160b      0x10f /usr/local/CrossPack-AVR-20100115/lib/gcc/avr/4.3.3/../../../../avr/lib/avr5/libc.a(printf_p.o)
 .debug_abbrev  0x0000171a       0xed /usr/local/CrossPack-AVR-20100115/lib/gcc/avr/4.3.3/../../../../avr/lib/avr5/libc.a(putchar.o)
 .debug_abbrev  0x00001807      0x193 /usr/local/CrossPack-AVR-20100115/lib/gcc/avr/4.3.3/../../../../avr/lib/avr5/libc.a(vfprintf_std.o)

.debug_line     0x00000000     0x42c9
 *(.debug_line)
 .debug_line    0x00000000      0x7b5 obj/apps/shell/shell.o
 .debug_line    0x000007b5      0x2e1 obj/apps/shell/uart.o
 .debug_line    0x00000a96      0x165 obj/utils/main.o
 .debug_line    0x00000bfb      0x171 obj/utils/delay.o
 .debug_line    0x00000d6c      0x28b obj/audio/adc.o
 .debug_line    0x00000ff7       0xae obj/audio/buffer.o
 .debug_line    0x000010a5      0x2d4 obj/audio/dac.o
 .debug_line    0x00001379       0xea obj/audio/interrupts.o
 .debug_line    0x00001463      0x498 obj/audio/player.o
 .debug_line    0x000018fb      0x1b2 obj/audio/wavparser.o
 .debug_line    0x00001aad      0x13e obj/vendor/LUFA_091223/LUFA/Drivers/Peripheral/SerialStream.o
 .debug_line    0x00001beb       0x3e obj/vendor/sd-reader_source_20090330-teensy/byteordering.o
 .debug_line    0x00001c29     0x12b6 obj/vendor/sd-reader_source_20090330-teensy/fat.o
 .debug_line    0x00002edf      0x1a2 obj/vendor/sd-reader_source_20090330-teensy/partition.o
 .debug_line    0x00003081      0x994 obj/vendor/sd-reader_source_20090330-teensy/sd_raw.o
 .debug_line    0x00003a15      0x117 /usr/local/CrossPack-AVR-20100115/lib/gcc/avr/4.3.3/../../../../avr/lib/avr5/libc.a(fgetc.o)
 .debug_line    0x00003b2c       0xd7 /usr/local/CrossPack-AVR-20100115/lib/gcc/avr/4.3.3/../../../../avr/lib/avr5/libc.a(fputc.o)
 .debug_line    0x00003c03       0x83 /usr/local/CrossPack-AVR-20100115/lib/gcc/avr/4.3.3/../../../../avr/lib/avr5/libc.a(iob.o)
 .debug_line    0x00003c86      0x118 /usr/local/CrossPack-AVR-20100115/lib/gcc/avr/4.3.3/../../../../avr/lib/avr5/libc.a(printf_p.o)
 .debug_line    0x00003d9e       0xa9 /usr/local/CrossPack-AVR-20100115/lib/gcc/avr/4.3.3/../../../../avr/lib/avr5/libc.a(putchar.o)
 .debug_line    0x00003e47      0x482 /usr/local/CrossPack-AVR-20100115/lib/gcc/avr/4.3.3/../../../../avr/lib/avr5/libc.a(vfprintf_std.o)

.debug_frame    0x00000000      0x6d0
 *(.debug_frame)
 .debug_frame   0x00000000       0x80 obj/apps/shell/shell.o
 .debug_frame   0x00000080       0xb0 obj/apps/shell/uart.o
 .debug_frame   0x00000130       0x30 obj/utils/main.o
 .debug_frame   0x00000160       0x30 obj/utils/delay.o
 .debug_frame   0x00000190       0x70 obj/audio/adc.o
 .debug_frame   0x00000200       0x70 obj/audio/dac.o
 .debug_frame   0x00000270       0x50 obj/audio/interrupts.o
 .debug_frame   0x000002c0       0x60 obj/audio/player.o
 .debug_frame   0x00000320       0x20 obj/audio/wavparser.o
 .debug_frame   0x00000340       0x30 obj/vendor/LUFA_091223/LUFA/Drivers/Peripheral/SerialStream.o
 .debug_frame   0x00000370      0x1e0 obj/vendor/sd-reader_source_20090330-teensy/fat.o
 .debug_frame   0x00000550       0x30 obj/vendor/sd-reader_source_20090330-teensy/partition.o
 .debug_frame   0x00000580       0xb0 obj/vendor/sd-reader_source_20090330-teensy/sd_raw.o
 .debug_frame   0x00000630       0x20 /usr/local/CrossPack-AVR-20100115/lib/gcc/avr/4.3.3/../../../../avr/lib/avr5/libc.a(fgetc.o)
 .debug_frame   0x00000650       0x20 /usr/local/CrossPack-AVR-20100115/lib/gcc/avr/4.3.3/../../../../avr/lib/avr5/libc.a(fputc.o)
 .debug_frame   0x00000670       0x20 /usr/local/CrossPack-AVR-20100115/lib/gcc/avr/4.3.3/../../../../avr/lib/avr5/libc.a(printf_p.o)
 .debug_frame   0x00000690       0x20 /usr/local/CrossPack-AVR-20100115/lib/gcc/avr/4.3.3/../../../../avr/lib/avr5/libc.a(putchar.o)
 .debug_frame   0x000006b0       0x20 /usr/local/CrossPack-AVR-20100115/lib/gcc/avr/4.3.3/../../../../avr/lib/avr5/libc.a(vfprintf_std.o)

.debug_str      0x00000000     0x148d
 *(.debug_str)
 .debug_str     0x00000000      0x40b obj/apps/shell/shell.o
                                0x4ab (size before relaxing)
 .debug_str     0x0000040b       0xb8 obj/apps/shell/uart.o
                                0x1ba (size before relaxing)
 .debug_str     0x000004c3       0x92 obj/utils/main.o
                                0x15e (size before relaxing)
 .debug_str     0x00000555       0x6b obj/utils/delay.o
                                0x14d (size before relaxing)
 .debug_str     0x000005c0       0xb3 obj/audio/adc.o
                                0x19f (size before relaxing)
 .debug_str     0x00000673       0x15 obj/audio/buffer.o
                                 0xe7 (size before relaxing)
 .debug_str     0x00000688       0xb6 obj/audio/dac.o
                                0x1d4 (size before relaxing)
 .debug_str     0x0000073e       0x63 obj/audio/interrupts.o
                                0x15e (size before relaxing)
 .debug_str     0x000007a1      0x1a8 obj/audio/player.o
                                0x335 (size before relaxing)
 .debug_str     0x00000949       0x35 obj/audio/wavparser.o
                                0x229 (size before relaxing)
 .debug_str     0x0000097e       0x8d obj/vendor/LUFA_091223/LUFA/Drivers/Peripheral/SerialStream.o
                                0x190 (size before relaxing)
 .debug_str     0x00000a0b       0x3d obj/vendor/sd-reader_source_20090330-teensy/byteordering.o
                                 0xfc (size before relaxing)
 .debug_str     0x00000a48      0x654 obj/vendor/sd-reader_source_20090330-teensy/fat.o
                                0x93e (size before relaxing)
 .debug_str     0x0000109c       0x7f obj/vendor/sd-reader_source_20090330-teensy/partition.o
                                0x266 (size before relaxing)
 .debug_str     0x0000111b      0x1d3 obj/vendor/sd-reader_source_20090330-teensy/sd_raw.o
                                0x3b7 (size before relaxing)
 .debug_str     0x000012ee       0x8b /usr/local/CrossPack-AVR-20100115/lib/gcc/avr/4.3.3/../../../../avr/lib/avr5/libc.a(fgetc.o)
                                0x129 (size before relaxing)
 .debug_str     0x00001379       0x22 /usr/local/CrossPack-AVR-20100115/lib/gcc/avr/4.3.3/../../../../avr/lib/avr5/libc.a(fputc.o)
                                0x129 (size before relaxing)
 .debug_str     0x0000139b       0x1a /usr/local/CrossPack-AVR-20100115/lib/gcc/avr/4.3.3/../../../../avr/lib/avr5/libc.a(iob.o)
                                0x120 (size before relaxing)
 .debug_str     0x000013b5       0x49 /usr/local/CrossPack-AVR-20100115/lib/gcc/avr/4.3.3/../../../../avr/lib/avr5/libc.a(printf_p.o)
                                0x157 (size before relaxing)
 .debug_str     0x000013fe       0x26 /usr/local/CrossPack-AVR-20100115/lib/gcc/avr/4.3.3/../../../../avr/lib/avr5/libc.a(putchar.o)
                                0x12c (size before relaxing)
 .debug_str     0x00001424       0x69 /usr/local/CrossPack-AVR-20100115/lib/gcc/avr/4.3.3/../../../../avr/lib/avr5/libc.a(vfprintf_std.o)
                                0x199 (size before relaxing)

.debug_loc      0x00000000     0x420d
 *(.debug_loc)
 .debug_loc     0x00000000      0x609 obj/apps/shell/shell.o
 .debug_loc     0x00000609      0x33d obj/apps/shell/uart.o
 .debug_loc     0x00000946       0x48 obj/audio/adc.o
 .debug_loc     0x0000098e       0x7e obj/audio/dac.o
 .debug_loc     0x00000a0c       0xf0 obj/audio/player.o
 .debug_loc     0x00000afc       0xb8 obj/audio/wavparser.o
 .debug_loc     0x00000bb4       0x36 obj/vendor/LUFA_091223/LUFA/Drivers/Peripheral/SerialStream.o
 .debug_loc     0x00000bea     0x23b1 obj/vendor/sd-reader_source_20090330-teensy/fat.o
 .debug_loc     0x00002f9b      0x1da obj/vendor/sd-reader_source_20090330-teensy/partition.o
 .debug_loc     0x00003175      0xb55 obj/vendor/sd-reader_source_20090330-teensy/sd_raw.o
 .debug_loc     0x00003cca       0x80 /usr/local/CrossPack-AVR-20100115/lib/gcc/avr/4.3.3/../../../../avr/lib/avr5/libc.a(fgetc.o)
 .debug_loc     0x00003d4a       0x60 /usr/local/CrossPack-AVR-20100115/lib/gcc/avr/4.3.3/../../../../avr/lib/avr5/libc.a(fputc.o)
 .debug_loc     0x00003daa       0x18 /usr/local/CrossPack-AVR-20100115/lib/gcc/avr/4.3.3/../../../../avr/lib/avr5/libc.a(putchar.o)
 .debug_loc     0x00003dc2      0x44b /usr/local/CrossPack-AVR-20100115/lib/gcc/avr/4.3.3/../../../../avr/lib/avr5/libc.a(vfprintf_std.o)

.debug_macinfo
 *(.debug_macinfo)
OUTPUT(shell.elf elf32-avr)
LOAD linker stubs

.debug_ranges   0x00000000      0x338
 .debug_ranges  0x00000000       0xe0 obj/apps/shell/shell.o
 .debug_ranges  0x000000e0       0x30 obj/apps/shell/uart.o
 .debug_ranges  0x00000110       0xd8 obj/vendor/sd-reader_source_20090330-teensy/fat.o
 .debug_ranges  0x000001e8       0xc0 obj/vendor/sd-reader_source_20090330-teensy/sd_raw.o
 .debug_ranges  0x000002a8       0x18 /usr/local/CrossPack-AVR-20100115/lib/gcc/avr/4.3.3/../../../../avr/lib/avr5/libc.a(fgetc.o)
 .debug_ranges  0x000002c0       0x18 /usr/local/CrossPack-AVR-20100115/lib/gcc/avr/4.3.3/../../../../avr/lib/avr5/libc.a(fputc.o)
 .debug_ranges  0x000002d8       0x18 /usr/local/CrossPack-AVR-20100115/lib/gcc/avr/4.3.3/../../../../avr/lib/avr5/libc.a(printf_p.o)
 .debug_ranges  0x000002f0       0x18 /usr/local/CrossPack-AVR-20100115/lib/gcc/avr/4.3.3/../../../../avr/lib/avr5/libc.a(putchar.o)
 .debug_ranges  0x00000308       0x30 /usr/local/CrossPack-AVR-20100115/lib/gcc/avr/4.3.3/../../../../avr/lib/avr5/libc.a(vfprintf_std.o)

Cross Reference Table

Symbol                                            File
USARTStream                                       obj/vendor/LUFA_091223/LUFA/Drivers/Peripheral/SerialStream.o
                                                  obj/apps/shell/shell.o
__bad_interrupt                                   /usr/local/CrossPack-AVR-20100115/lib/gcc/avr/4.3.3/../../../../avr/lib/avr5/crtm32u4.o
__bss_end                                         /usr/local/CrossPack-AVR-20100115/lib/gcc/avr/4.3.3/avr5/libgcc.a(_clear_bss.o)
__bss_start                                       /usr/local/CrossPack-AVR-20100115/lib/gcc/avr/4.3.3/avr5/libgcc.a(_clear_bss.o)
__data_end                                        /usr/local/CrossPack-AVR-20100115/lib/gcc/avr/4.3.3/avr5/libgcc.a(_copy_data.o)
__data_load_start                                 /usr/local/CrossPack-AVR-20100115/lib/gcc/avr/4.3.3/avr5/libgcc.a(_copy_data.o)
__data_start                                      /usr/local/CrossPack-AVR-20100115/lib/gcc/avr/4.3.3/avr5/libgcc.a(_copy_data.o)
__divmodhi4                                       /usr/local/CrossPack-AVR-20100115/lib/gcc/avr/4.3.3/avr5/libgcc.a(_divmodhi4.o)
                                                  obj/vendor/sd-reader_source_20090330-teensy/fat.o
__do_clear_bss                                    /usr/local/CrossPack-AVR-20100115/lib/gcc/avr/4.3.3/avr5/libgcc.a(_clear_bss.o)
                                                  /usr/local/CrossPack-AVR-20100115/lib/gcc/avr/4.3.3/../../../../avr/lib/avr5/libc.a(iob.o)
                                                  obj/vendor/sd-reader_source_20090330-teensy/sd_raw.o
                                                  obj/vendor/sd-reader_source_20090330-teensy/partition.o
                                                  obj/vendor/sd-reader_source_20090330-teensy/fat.o
                                                  obj/audio/player.o
                                                  obj/audio/interrupts.o
                                                  obj/audio/dac.o
                                                  obj/audio/buffer.o
                                                  obj/audio/adc.o
                                                  obj/apps/shell/shell.o
__do_copy_data                                    /usr/local/CrossPack-AVR-20100115/lib/gcc/avr/4.3.3/avr5/libgcc.a(_copy_data.o)
                                                  obj/vendor/sd-reader_source_20090330-teensy/fat.o
                                                  obj/vendor/LUFA_091223/LUFA/Drivers/Peripheral/SerialStream.o
                                                  obj/audio/wavparser.o
                                                  obj/apps/shell/shell.o
__epilogue_restores__                             /usr/local/CrossPack-AVR-20100115/lib/gcc/avr/4.3.3/avr5/libgcc.a(_epilogue.o)
                                                  /usr/local/CrossPack-AVR-20100115/lib/gcc/avr/4.3.3/../../../../avr/lib/avr5/libc.a(vfprintf_std.o)
                                                  /usr/local/CrossPack-AVR-20100115/lib/gcc/avr/4.3.3/../../../../avr/lib/avr5/libc.a(printf_p.o)
__heap_end                                        /usr/local/CrossPack-AVR-20100115/lib/gcc/avr/4.3.3/../../../../avr/lib/avr5/crtm32u4.o
__init                                            /usr/local/CrossPack-AVR-20100115/lib/gcc/avr/4.3.3/../../../../avr/lib/avr5/crtm32u4.o
__iob                                             /usr/local/CrossPack-AVR-20100115/lib/gcc/avr/4.3.3/../../../../avr/lib/avr5/libc.a(putchar.o)
                                                  /usr/local/CrossPack-AVR-20100115/lib/gcc/avr/4.3.3/../../../../avr/lib/avr5/libc.a(printf_p.o)
                                                  /usr/local/CrossPack-AVR-20100115/lib/gcc/avr/4.3.3/../../../../avr/lib/avr5/libc.a(iob.o)
                                                  obj/apps/shell/uart.o
                                                  obj/apps/shell/shell.o
__mulsi3                                          /usr/local/CrossPack-AVR-20100115/lib/gcc/avr/4.3.3/avr5/libgcc.a(_mulsi3.o)
                                                  obj/vendor/sd-reader_source_20090330-teensy/fat.o
                                                  obj/apps/shell/uart.o
                                                  obj/apps/shell/shell.o
__prologue_saves__                                /usr/local/CrossPack-AVR-20100115/lib/gcc/avr/4.3.3/avr5/libgcc.a(_prologue.o)
                                                  /usr/local/CrossPack-AVR-20100115/lib/gcc/avr/4.3.3/../../../../avr/lib/avr5/libc.a(vfprintf_std.o)
                                                  /usr/local/CrossPack-AVR-20100115/lib/gcc/avr/4.3.3/../../../../avr/lib/avr5/libc.a(printf_p.o)
__stack                                           /usr/local/CrossPack-AVR-20100115/lib/gcc/avr/4.3.3/../../../../avr/lib/avr5/crtm32u4.o
__udivmodhi4                                      /usr/local/CrossPack-AVR-20100115/lib/gcc/avr/4.3.3/avr5/libgcc.a(_udivmodhi4.o)
                                                  /usr/local/CrossPack-AVR-20100115/lib/gcc/avr/4.3.3/avr5/libgcc.a(_divmodhi4.o)
                                                  obj/vendor/sd-reader_source_20090330-teensy/fat.o
                                                  obj/apps/shell/uart.o
__udivmodsi4                                      /usr/local/CrossPack-AVR-20100115/lib/gcc/avr/4.3.3/avr5/libgcc.a(_udivmodsi4.o)
                                                  obj/vendor/sd-reader_source_20090330-teensy/fat.o
                                                  obj/apps/shell/uart.o
__ultoa_invert                                    /usr/local/CrossPack-AVR-20100115/lib/gcc/avr/4.3.3/../../../../avr/lib/avr5/libc.a(ultoa_invert.o)
                                                  /usr/local/CrossPack-AVR-20100115/lib/gcc/avr/4.3.3/../../../../avr/lib/avr5/libc.a(vfprintf_std.o)
__vector_1                                        /usr/local/CrossPack-AVR-20100115/lib/gcc/avr/4.3.3/../../../../avr/lib/avr5/crtm32u4.o
__vector_10                                       /usr/local/CrossPack-AVR-20100115/lib/gcc/avr/4.3.3/../../../../avr/lib/avr5/crtm32u4.o
__vector_11                                       /usr/local/CrossPack-AVR-20100115/lib/gcc/avr/4.3.3/../../../../avr/lib/avr5/crtm32u4.o
__vector_12                                       /usr/local/CrossPack-AVR-20100115/lib/gcc/avr/4.3.3/../../../../avr/lib/avr5/crtm32u4.o
__vector_13                                       /usr/local/CrossPack-AVR-20100115/lib/gcc/avr/4.3.3/../../../../avr/lib/avr5/crtm32u4.o
__vector_14                                       /usr/local/CrossPack-AVR-20100115/lib/gcc/avr/4.3.3/../../../../avr/lib/avr5/crtm32u4.o
__vector_15                                       /usr/local/CrossPack-AVR-20100115/lib/gcc/avr/4.3.3/../../../../avr/lib/avr5/crtm32u4.o
__vector_16                                       /usr/local/CrossPack-AVR-20100115/lib/gcc/avr/4.3.3/../../../../avr/lib/avr5/crtm32u4.o
__vector_17                                       /usr/local/CrossPack-AVR-20100115/lib/gcc/avr/4.3.3/../../../../avr/lib/avr5/crtm32u4.o
__vector_18                                       /usr/local/CrossPack-AVR-20100115/lib/gcc/avr/4.3.3/../../../../avr/lib/avr5/crtm32u4.o
__vector_19                                       /usr/local/CrossPack-AVR-20100115/lib/gcc/avr/4.3.3/../../../../avr/lib/avr5/crtm32u4.o
__vector_2                                        /usr/local/CrossPack-AVR-20100115/lib/gcc/avr/4.3.3/../../../../avr/lib/avr5/crtm32u4.o
__vector_20                                       /usr/local/CrossPack-AVR-20100115/lib/gcc/avr/4.3.3/../../../../avr/lib/avr5/crtm32u4.o
__vector_21                                       obj/audio/interrupts.o
                                                  /usr/local/CrossPack-AVR-20100115/lib/gcc/avr/4.3.3/../../../../avr/lib/avr5/crtm32u4.o
__vector_22                                       obj/audio/interrupts.o
                                                  /usr/local/CrossPack-AVR-20100115/lib/gcc/avr/4.3.3/../../../../avr/lib/avr5/crtm32u4.o
__vector_23                                       /usr/local/CrossPack-AVR-20100115/lib/gcc/avr/4.3.3/../../../../avr/lib/avr5/crtm32u4.o
__vector_24                                       /usr/local/CrossPack-AVR-20100115/lib/gcc/avr/4.3.3/../../../../avr/lib/avr5/crtm32u4.o
__vector_25                                       /usr/local/CrossPack-AVR-20100115/lib/gcc/avr/4.3.3/../../../../avr/lib/avr5/crtm32u4.o
__vector_26                                       /usr/local/CrossPack-AVR-20100115/lib/gcc/avr/4.3.3/../../../../avr/lib/avr5/crtm32u4.o
__vector_27                                       /usr/local/CrossPack-AVR-20100115/lib/gcc/avr/4.3.3/../../../../avr/lib/avr5/crtm32u4.o
__vector_28                                       /usr/local/CrossPack-AVR-20100115/lib/gcc/avr/4.3.3/../../../../avr/lib/avr5/crtm32u4.o
__vector_29                                       /usr/local/CrossPack-AVR-20100115/lib/gcc/avr/4.3.3/../../../../avr/lib/avr5/crtm32u4.o
__vector_3                                        /usr/local/CrossPack-AVR-20100115/lib/gcc/avr/4.3.3/../../../../avr/lib/avr5/crtm32u4.o
__vector_30                                       /usr/local/CrossPack-AVR-20100115/lib/gcc/avr/4.3.3/../../../../avr/lib/avr5/crtm32u4.o
__vector_31                                       /usr/local/CrossPack-AVR-20100115/lib/gcc/avr/4.3.3/../../../../avr/lib/avr5/crtm32u4.o
__vector_32                                       /usr/local/CrossPack-AVR-20100115/lib/gcc/avr/4.3.3/../../../../avr/lib/avr5/crtm32u4.o
__vector_33                                       /usr/local/CrossPack-AVR-20100115/lib/gcc/avr/4.3.3/../../../../avr/lib/avr5/crtm32u4.o
__vector_34                                       /usr/local/CrossPack-AVR-20100115/lib/gcc/avr/4.3.3/../../../../avr/lib/avr5/crtm32u4.o
__vector_35                                       /usr/local/CrossPack-AVR-20100115/lib/gcc/avr/4.3.3/../../../../avr/lib/avr5/crtm32u4.o
__vector_36                                       /usr/local/CrossPack-AVR-20100115/lib/gcc/avr/4.3.3/../../../../avr/lib/avr5/crtm32u4.o
__vector_37                                       /usr/local/CrossPack-AVR-20100115/lib/gcc/avr/4.3.3/../../../../avr/lib/avr5/crtm32u4.o
__vector_38                                       /usr/local/CrossPack-AVR-20100115/lib/gcc/avr/4.3.3/../../../../avr/lib/avr5/crtm32u4.o
__vector_39                                       /usr/local/CrossPack-AVR-20100115/lib/gcc/avr/4.3.3/../../../../avr/lib/avr5/crtm32u4.o
__vector_4                                        /usr/local/CrossPack-AVR-20100115/lib/gcc/avr/4.3.3/../../../../avr/lib/avr5/crtm32u4.o
__vector_40                                       /usr/local/CrossPack-AVR-20100115/lib/gcc/avr/4.3.3/../../../../avr/lib/avr5/crtm32u4.o
__vector_41                                       /usr/local/CrossPack-AVR-20100115/lib/gcc/avr/4.3.3/../../../../avr/lib/avr5/crtm32u4.o
__vector_42                                       /usr/local/CrossPack-AVR-20100115/lib/gcc/avr/4.3.3/../../../../avr/lib/avr5/crtm32u4.o
__vector_5                                        /usr/local/CrossPack-AVR-20100115/lib/gcc/avr/4.3.3/../../../../avr/lib/avr5/crtm32u4.o
__vector_6                                        /usr/local/CrossPack-AVR-20100115/lib/gcc/avr/4.3.3/../../../../avr/lib/avr5/crtm32u4.o
__vector_7                                        /usr/local/CrossPack-AVR-20100115/lib/gcc/avr/4.3.3/../../../../avr/lib/avr5/crtm32u4.o
__vector_8                                        /usr/local/CrossPack-AVR-20100115/lib/gcc/avr/4.3.3/../../../../avr/lib/avr5/crtm32u4.o
__vector_9                                        /usr/local/CrossPack-AVR-20100115/lib/gcc/avr/4.3.3/../../../../avr/lib/avr5/crtm32u4.o
__vector_default                                  /usr/local/CrossPack-AVR-20100115/lib/gcc/avr/4.3.3/../../../../avr/lib/avr5/crtm32u4.o
__vectors                                         /usr/local/CrossPack-AVR-20100115/lib/gcc/avr/4.3.3/../../../../avr/lib/avr5/crtm32u4.o
_div                                              /usr/local/CrossPack-AVR-20100115/lib/gcc/avr/4.3.3/avr5/libgcc.a(_divmodhi4.o)
_exit                                             /usr/local/CrossPack-AVR-20100115/lib/gcc/avr/4.3.3/avr5/libgcc.a(_exit.o)
adc_buffer_pool                                   obj/audio/adc.o
adc_init                                          obj/audio/adc.o
                                                  obj/apps/shell/shell.o
adc_pause                                         obj/audio/adc.o
adc_resume                                        obj/audio/adc.o
adc_start                                         obj/audio/adc.o
                                                  obj/apps/shell/shell.o
adc_stop                                          obj/audio/adc.o
adc_timer_handler                                 obj/audio/adc.o
application_main                                  obj/apps/shell/shell.o
                                                  obj/utils/main.o
basic_setup                                       obj/utils/main.o
buffer_event                                      obj/apps/shell/shell.o
buffer_event_handler                              obj/audio/interrupts.o
buffer_full_flag                                  obj/audio/adc.o
buffer_refill_handler                             obj/audio/player.o
dac_buffer_pool                                   obj/audio/dac.o
dac_init                                          obj/audio/dac.o
                                                  obj/audio/player.o
dac_pause                                         obj/audio/dac.o
                                                  obj/audio/player.o
dac_resume                                        obj/audio/dac.o
                                                  obj/audio/player.o
dac_start                                         obj/audio/dac.o
                                                  obj/audio/player.o
dac_stop                                          obj/audio/dac.o
                                                  obj/audio/player.o
dac_timer_handler                                 obj/audio/dac.o
delay_ms                                          obj/utils/delay.o
delay_us                                          obj/utils/delay.o
empty_buffer_flag                                 obj/audio/player.o
                                                  obj/audio/dac.o
exit                                              /usr/local/CrossPack-AVR-20100115/lib/gcc/avr/4.3.3/avr5/libgcc.a(_exit.o)
                                                  /usr/local/CrossPack-AVR-20100115/lib/gcc/avr/4.3.3/../../../../avr/lib/avr5/crtm32u4.o
fat_close                                         obj/vendor/sd-reader_source_20090330-teensy/fat.o
                                                  obj/apps/shell/shell.o
fat_close_dir                                     obj/vendor/sd-reader_source_20090330-teensy/fat.o
                                                  obj/apps/shell/shell.o
fat_close_file                                    obj/vendor/sd-reader_source_20090330-teensy/fat.o
                                                  obj/apps/shell/shell.o
fat_create_dir                                    obj/vendor/sd-reader_source_20090330-teensy/fat.o
                                                  obj/apps/shell/shell.o
fat_create_file                                   obj/vendor/sd-reader_source_20090330-teensy/fat.o
                                                  obj/apps/shell/shell.o
fat_delete_file                                   obj/vendor/sd-reader_source_20090330-teensy/fat.o
                                                  obj/apps/shell/shell.o
fat_get_dir_entry_of_path                         obj/vendor/sd-reader_source_20090330-teensy/fat.o
                                                  obj/apps/shell/shell.o
fat_get_fs_free                                   obj/vendor/sd-reader_source_20090330-teensy/fat.o
                                                  obj/apps/shell/shell.o
fat_get_fs_size                                   obj/vendor/sd-reader_source_20090330-teensy/fat.o
                                                  obj/apps/shell/shell.o
fat_open                                          obj/vendor/sd-reader_source_20090330-teensy/fat.o
                                                  obj/apps/shell/shell.o
fat_open_dir                                      obj/vendor/sd-reader_source_20090330-teensy/fat.o
                                                  obj/apps/shell/shell.o
fat_open_file                                     obj/vendor/sd-reader_source_20090330-teensy/fat.o
                                                  obj/apps/shell/shell.o
fat_read_dir                                      obj/vendor/sd-reader_source_20090330-teensy/fat.o
                                                  obj/apps/shell/shell.o
fat_read_file                                     obj/vendor/sd-reader_source_20090330-teensy/fat.o
                                                  obj/audio/wavparser.o
                                                  obj/audio/player.o
                                                  obj/apps/shell/shell.o
fat_reset_dir                                     obj/vendor/sd-reader_source_20090330-teensy/fat.o
                                                  obj/apps/shell/shell.o
fat_resize_file                                   obj/vendor/sd-reader_source_20090330-teensy/fat.o
fat_seek_file                                     obj/vendor/sd-reader_source_20090330-teensy/fat.o
                                                  obj/audio/wavparser.o
                                                  obj/audio/player.o
                                                  obj/apps/shell/shell.o
fat_tell_file                                     obj/vendor/sd-reader_source_20090330-teensy/fat.o
                                                  obj/audio/wavparser.o
fat_write_file                                    obj/vendor/sd-reader_source_20090330-teensy/fat.o
                                                  obj/apps/shell/shell.o
fgetc                                             /usr/local/CrossPack-AVR-20100115/lib/gcc/avr/4.3.3/../../../../avr/lib/avr5/libc.a(fgetc.o)
                                                  obj/apps/shell/uart.o
fputc                                             /usr/local/CrossPack-AVR-20100115/lib/gcc/avr/4.3.3/../../../../avr/lib/avr5/libc.a(fputc.o)
                                                  /usr/local/CrossPack-AVR-20100115/lib/gcc/avr/4.3.3/../../../../avr/lib/avr5/libc.a(vfprintf_std.o)
                                                  /usr/local/CrossPack-AVR-20100115/lib/gcc/avr/4.3.3/../../../../avr/lib/avr5/libc.a(putchar.o)
                                                  obj/apps/shell/uart.o
main                                              obj/utils/main.o
                                                  /usr/local/CrossPack-AVR-20100115/lib/gcc/avr/4.3.3/../../../../avr/lib/avr5/crtm32u4.o
memcpy                                            /usr/local/CrossPack-AVR-20100115/lib/gcc/avr/4.3.3/../../../../avr/lib/avr5/libc.a(memcpy.o)
                                                  obj/vendor/sd-reader_source_20090330-teensy/sd_raw.o
                                                  obj/vendor/sd-reader_source_20090330-teensy/fat.o
memset                                            /usr/local/CrossPack-AVR-20100115/lib/gcc/avr/4.3.3/../../../../avr/lib/avr5/libc.a(memset.o)
                                                  obj/vendor/sd-reader_source_20090330-teensy/fat.o
                                                  obj/apps/shell/shell.o
partition_close                                   obj/vendor/sd-reader_source_20090330-teensy/partition.o
                                                  obj/apps/shell/shell.o
partition_open                                    obj/vendor/sd-reader_source_20090330-teensy/partition.o
                                                  obj/apps/shell/shell.o
pcm_buffer                                        obj/audio/player.o
                                                  obj/audio/buffer.o
                                                  obj/apps/shell/shell.o
play_file                                         obj/apps/shell/shell.o
player                                            obj/audio/player.o
player_pause                                      obj/audio/player.o
player_resume                                     obj/audio/player.o
player_start                                      obj/audio/player.o
                                                  obj/apps/shell/shell.o
player_stop                                       obj/audio/player.o
                                                  obj/apps/shell/shell.o
printf_P                                          /usr/local/CrossPack-AVR-20100115/lib/gcc/avr/4.3.3/../../../../avr/lib/avr5/libc.a(printf_p.o)
                                                  obj/audio/player.o
                                                  obj/apps/shell/shell.o
putchar                                           /usr/local/CrossPack-AVR-20100115/lib/gcc/avr/4.3.3/../../../../avr/lib/avr5/libc.a(putchar.o)
                                                  obj/apps/shell/shell.o
sample_timer_handler                              obj/audio/interrupts.o
scratch                                           obj/audio/player.o
sd_raw_available                                  obj/vendor/sd-reader_source_20090330-teensy/sd_raw.o
sd_raw_get_info                                   obj/vendor/sd-reader_source_20090330-teensy/sd_raw.o
                                                  obj/apps/shell/shell.o
sd_raw_init                                       obj/vendor/sd-reader_source_20090330-teensy/sd_raw.o
                                                  obj/apps/shell/shell.o
sd_raw_locked                                     obj/vendor/sd-reader_source_20090330-teensy/sd_raw.o
sd_raw_read                                       obj/vendor/sd-reader_source_20090330-teensy/sd_raw.o
                                                  obj/apps/shell/shell.o
sd_raw_read_interval                              obj/vendor/sd-reader_source_20090330-teensy/sd_raw.o
                                                  obj/apps/shell/shell.o
sd_raw_sync                                       obj/vendor/sd-reader_source_20090330-teensy/sd_raw.o
                                                  obj/apps/shell/shell.o
sd_raw_write                                      obj/vendor/sd-reader_source_20090330-teensy/sd_raw.o
                                                  obj/apps/shell/shell.o
sd_raw_write_interval                             obj/vendor/sd-reader_source_20090330-teensy/sd_raw.o
                                                  obj/apps/shell/shell.o
set_buffer_event_handler                          obj/audio/interrupts.o
                                                  obj/audio/player.o
                                                  obj/apps/shell/shell.o
set_sample_timer_handler                          obj/audio/interrupts.o
                                                  obj/audio/dac.o
                                                  obj/audio/adc.o
shell_player_eof                                  obj/apps/shell/shell.o
strchr                                            /usr/local/CrossPack-AVR-20100115/lib/gcc/avr/4.3.3/../../../../avr/lib/avr5/libc.a(strchr.o)
                                                  obj/vendor/sd-reader_source_20090330-teensy/fat.o
strcmp                                            /usr/local/CrossPack-AVR-20100115/lib/gcc/avr/4.3.3/../../../../avr/lib/avr5/libc.a(strcmp.o)
                                                  obj/vendor/sd-reader_source_20090330-teensy/fat.o
                                                  obj/apps/shell/shell.o
strcmp_P                                          /usr/local/CrossPack-AVR-20100115/lib/gcc/avr/4.3.3/../../../../avr/lib/avr5/libc.a(strcmp_P.o)
                                                  obj/apps/shell/shell.o
strncmp                                           /usr/local/CrossPack-AVR-20100115/lib/gcc/avr/4.3.3/../../../../avr/lib/avr5/libc.a(strncmp.o)
                                                  obj/vendor/sd-reader_source_20090330-teensy/fat.o
                                                  obj/audio/wavparser.o
strncmp_P                                         /usr/local/CrossPack-AVR-20100115/lib/gcc/avr/4.3.3/../../../../avr/lib/avr5/libc.a(strncmp_P.o)
                                                  obj/apps/shell/shell.o
strncpy                                           /usr/local/CrossPack-AVR-20100115/lib/gcc/avr/4.3.3/../../../../avr/lib/avr5/libc.a(strncpy.o)
                                                  obj/vendor/sd-reader_source_20090330-teensy/fat.o
strnlen                                           /usr/local/CrossPack-AVR-20100115/lib/gcc/avr/4.3.3/../../../../avr/lib/avr5/libc.a(strnlen.o)
                                                  /usr/local/CrossPack-AVR-20100115/lib/gcc/avr/4.3.3/../../../../avr/lib/avr5/libc.a(vfprintf_std.o)
strnlen_P                                         /usr/local/CrossPack-AVR-20100115/lib/gcc/avr/4.3.3/../../../../avr/lib/avr5/libc.a(strnlen_P.o)
                                                  /usr/local/CrossPack-AVR-20100115/lib/gcc/avr/4.3.3/../../../../avr/lib/avr5/libc.a(vfprintf_std.o)
strrchr                                           /usr/local/CrossPack-AVR-20100115/lib/gcc/avr/4.3.3/../../../../avr/lib/avr5/libc.a(strrchr.o)
                                                  obj/vendor/sd-reader_source_20090330-teensy/fat.o
uart_getc                                         obj/apps/shell/uart.o
                                                  obj/apps/shell/shell.o
uart_init                                         obj/apps/shell/uart.o
uart_putc                                         obj/apps/shell/uart.o
                                                  obj/apps/shell/shell.o
uart_putc_hex                                     obj/apps/shell/uart.o
                                                  obj/apps/shell/shell.o
uart_putdw_dec                                    obj/apps/shell/uart.o
                                                  obj/apps/shell/shell.o
uart_putdw_hex                                    obj/apps/shell/uart.o
                                                  obj/apps/shell/shell.o
uart_puts                                         obj/apps/shell/uart.o
                                                  obj/apps/shell/shell.o
uart_puts_p                                       obj/apps/shell/uart.o
                                                  obj/apps/shell/shell.o
uart_putw_dec                                     obj/apps/shell/uart.o
                                                  obj/apps/shell/shell.o
uart_putw_hex                                     obj/apps/shell/uart.o
vfprintf                                          /usr/local/CrossPack-AVR-20100115/lib/gcc/avr/4.3.3/../../../../avr/lib/avr5/libc.a(vfprintf_std.o)
                                                  /usr/local/CrossPack-AVR-20100115/lib/gcc/avr/4.3.3/../../../../avr/lib/avr5/libc.a(printf_p.o)
wavparser_parse_header                            obj/audio/wavparser.o
                                                  obj/audio/player.o
